2026-04-25 17:25:59,319 [INFO] Using GPU for offline PPO training: NVIDIA GeForce RTX 4060 Laptop GPU
2026-04-25 17:25:59,319 [INFO] Loading alibaba trace from agentic_scheduler/data/alibaba_v2018/raw (max 10000000 tasks)
2026-04-25 17:25:59,362 [INFO] Loaded 17592 machines from agentic_scheduler/data/alibaba_v2018/raw/machine_meta.csv
2026-04-25 17:26:50,578 [INFO] Loaded 10000000 Alibaba tasks (capped at 10000000)
2026-04-25 17:26:50,691 [INFO] Trace replay env: Alibaba cluster-trace-v2018 (10000000 tasks, 17592 machines) (window=1970-01-01T00:54:57+00:00..1970-01-07T01:21:03+00:00)
2026-04-25 17:27:01,608 [INFO] PPO Update Epoch 1/15 (Pending: 14)
2026-04-25 17:27:01,925 [INFO] PPO Update Epoch 2/15 (Pending: 13)
2026-04-25 17:27:01,943 [INFO] PPO Update Epoch 3/15 (Pending: 12)
2026-04-25 17:27:01,960 [INFO] PPO Update Epoch 4/15 (Pending: 11)
2026-04-25 17:27:01,974 [INFO] PPO Update Epoch 5/15 (Pending: 10)
2026-04-25 17:27:01,987 [INFO] PPO Update Epoch 6/15 (Pending: 9)
2026-04-25 17:27:01,999 [INFO] PPO Update Epoch 7/15 (Pending: 8)
2026-04-25 17:27:02,013 [INFO] PPO Update Epoch 8/15 (Pending: 7)
2026-04-25 17:27:02,026 [INFO] PPO Update Epoch 9/15 (Pending: 6)
2026-04-25 17:27:02,036 [INFO] PPO Update Epoch 10/15 (Pending: 5)
2026-04-25 17:27:02,044 [INFO] PPO Update Epoch 11/15 (Pending: 4)
2026-04-25 17:27:02,051 [INFO] PPO Update Epoch 12/15 (Pending: 3)
2026-04-25 17:27:02,057 [INFO] PPO Update Epoch 13/15 (Pending: 2)
2026-04-25 17:27:02,063 [INFO] PPO Update Epoch 14/15 (Pending: 1)
2026-04-25 17:27:02,069 [INFO] PPO Update Epoch 15/15 (Pending: 0)
2026-04-25 17:27:02,076 [INFO] update=1 avg_reward=-1.3384 model_steps=1
2026-04-25 17:27:11,355 [INFO] PPO Update Epoch 1/15 (Pending: 14)
2026-04-25 17:27:11,364 [INFO] PPO Update Epoch 2/15 (Pending: 13)
2026-04-25 17:27:11,371 [INFO] PPO Update Epoch 3/15 (Pending: 12)
2026-04-25 17:27:11,378 [INFO] PPO Update Epoch 4/15 (Pending: 11)
2026-04-25 17:27:11,387 [INFO] PPO Update Epoch 5/15 (Pending: 10)
2026-04-25 17:27:11,400 [INFO] PPO Update Epoch 6/15 (Pending: 9)
2026-04-25 17:27:11,414 [INFO] PPO Update Epoch 7/15 (Pending: 8)
2026-04-25 17:27:11,428 [INFO] PPO Update Epoch 8/15 (Pending: 7)
2026-04-25 17:27:11,442 [INFO] PPO Update Epoch 9/15 (Pending: 6)
2026-04-25 17:27:11,458 [INFO] PPO Update Epoch 10/15 (Pending: 5)
2026-04-25 17:27:11,473 [INFO] PPO Update Epoch 11/15 (Pending: 4)
2026-04-25 17:27:11,487 [INFO] PPO Update Epoch 12/15 (Pending: 3)
2026-04-25 17:27:11,501 [INFO] PPO Update Epoch 13/15 (Pending: 2)
2026-04-25 17:27:11,516 [INFO] PPO Update Epoch 14/15 (Pending: 1)
2026-04-25 17:27:11,533 [INFO] PPO Update Epoch 15/15 (Pending: 0)
2026-04-25 17:27:20,712 [INFO] PPO Update Epoch 1/15 (Pending: 14)
2026-04-25 17:27:20,721 [INFO] PPO Update Epoch 2/15 (Pending: 13)
2026-04-25 17:27:20,728 [INFO] PPO Update Epoch 3/15 (Pending: 12)
2026-04-25 17:27:20,736 [INFO] PPO Update Epoch 4/15 (Pending: 11)
2026-04-25 17:27:20,747 [INFO] PPO Update Epoch 5/15 (Pending: 10)
2026-04-25 17:27:20,761 [INFO] PPO Update Epoch 6/15 (Pending: 9)
2026-04-25 17:27:20,778 [INFO] PPO Update Epoch 7/15 (Pending: 8)
2026-04-25 17:27:20,793 [INFO] PPO Update Epoch 8/15 (Pending: 7)
2026-04-25 17:27:20,807 [INFO] PPO Update Epoch 9/15 (Pending: 6)
2026-04-25 17:27:20,821 [INFO] PPO Update Epoch 10/15 (Pending: 5)
2026-04-25 17:27:20,836 [INFO] PPO Update Epoch 11/15 (Pending: 4)
2026-04-25 17:27:20,852 [INFO] PPO Update Epoch 12/15 (Pending: 3)
2026-04-25 17:27:20,869 [INFO] PPO Update Epoch 13/15 (Pending: 2)
2026-04-25 17:27:20,889 [INFO] PPO Update Epoch 14/15 (Pending: 1)
2026-04-25 17:27:20,908 [INFO] PPO Update Epoch 15/15 (Pending: 0)
2026-04-25 17:27:30,779 [INFO] PPO Update Epoch 1/15 (Pending: 14)
2026-04-25 17:27:30,787 [INFO] PPO Update Epoch 2/15 (Pending: 13)
2026-04-25 17:27:30,793 [INFO] PPO Update Epoch 3/15 (Pending: 12)
2026-04-25 17:27:30,800 [INFO] PPO Update Epoch 4/15 (Pending: 11)
2026-04-25 17:27:30,806 [INFO] PPO Update Epoch 5/15 (Pending: 10)
2026-04-25 17:27:30,813 [INFO] PPO Update Epoch 6/15 (Pending: 9)
2026-04-25 17:27:30,819 [INFO] PPO Update Epoch 7/15 (Pending: 8)
2026-04-25 17:27:30,826 [INFO] PPO Update Epoch 8/15 (Pending: 7)
2026-04-25 17:27:30,833 [INFO] PPO Update Epoch 9/15 (Pending: 6)
2026-04-25 17:27:30,839 [INFO] PPO Update Epoch 10/15 (Pending: 5)
2026-04-25 17:27:30,846 [INFO] PPO Update Epoch 11/15 (Pending: 4)
2026-04-25 17:27:30,852 [INFO] PPO Update Epoch 12/15 (Pending: 3)
2026-04-25 17:27:30,859 [INFO] PPO Update Epoch 13/15 (Pending: 2)
2026-04-25 17:27:30,866 [INFO] PPO Update Epoch 14/15 (Pending: 1)
2026-04-25 17:27:30,872 [INFO] PPO Update Epoch 15/15 (Pending: 0)
2026-04-25 17:27:40,772 [INFO] PPO Update Epoch 1/15 (Pending: 14)
2026-04-25 17:27:40,781 [INFO] PPO Update Epoch 2/15 (Pending: 13)
2026-04-25 17:27:40,789 [INFO] PPO Update Epoch 3/15 (Pending: 12)
2026-04-25 17:27:40,797 [INFO] PPO Update Epoch 4/15 (Pending: 11)
2026-04-25 17:27:40,809 [INFO] PPO Update Epoch 5/15 (Pending: 10)
2026-04-25 17:27:40,824 [INFO] PPO Update Epoch 6/15 (Pending: 9)
2026-04-25 17:27:40,840 [INFO] PPO Update Epoch 7/15 (Pending: 8)
2026-04-25 17:27:40,856 [INFO] PPO Update Epoch 8/15 (Pending: 7)
2026-04-25 17:27:40,874 [INFO] PPO Update Epoch 9/15 (Pending: 6)
2026-04-25 17:27:40,892 [INFO] PPO Update Epoch 10/15 (Pending: 5)
2026-04-25 17:27:40,911 [INFO] PPO Update Epoch 11/15 (Pending: 4)
2026-04-25 17:27:40,931 [INFO] PPO Update Epoch 12/15 (Pending: 3)
2026-04-25 17:27:40,948 [INFO] PPO Update Epoch 13/15 (Pending: 2)
2026-04-25 17:27:40,965 [INFO] PPO Update Epoch 14/15 (Pending: 1)
2026-04-25 17:27:40,980 [INFO] PPO Update Epoch 15/15 (Pending: 0)
2026-04-25 17:27:49,916 [INFO] PPO Update Epoch 1/15 (Pending: 14)
2026-04-25 17:27:49,924 [INFO] PPO Update Epoch 2/15 (Pending: 13)
2026-04-25 17:27:49,932 [INFO] PPO Update Epoch 3/15 (Pending: 12)
2026-04-25 17:27:49,940 [INFO] PPO Update Epoch 4/15 (Pending: 11)
2026-04-25 17:27:49,947 [INFO] PPO Update Epoch 5/15 (Pending: 10)
2026-04-25 17:27:49,953 [INFO] PPO Update Epoch 6/15 (Pending: 9)
2026-04-25 17:27:49,960 [INFO] PPO Update Epoch 7/15 (Pending: 8)
2026-04-25 17:27:49,967 [INFO] PPO Update Epoch 8/15 (Pending: 7)
2026-04-25 17:27:49,974 [INFO] PPO Update Epoch 9/15 (Pending: 6)
2026-04-25 17:27:49,981 [INFO] PPO Update Epoch 10/15 (Pending: 5)
2026-04-25 17:27:49,987 [INFO] PPO Update Epoch 11/15 (Pending: 4)
2026-04-25 17:27:49,994 [INFO] PPO Update Epoch 12/15 (Pending: 3)
2026-04-25 17:27:50,001 [INFO] PPO Update Epoch 13/15 (Pending: 2)
2026-04-25 17:27:50,008 [INFO] PPO Update Epoch 14/15 (Pending: 1)
2026-04-25 17:27:50,015 [INFO] PPO Update Epoch 15/15 (Pending: 0)
2026-04-25 17:27:58,982 [INFO] PPO Update Epoch 1/15 (Pending: 14)
2026-04-25 17:27:58,990 [INFO] PPO Update Epoch 2/15 (Pending: 13)
2026-04-25 17:27:58,997 [INFO] PPO Update Epoch 3/15 (Pending: 12)
2026-04-25 17:27:59,004 [INFO] PPO Update Epoch 4/15 (Pending: 11)
2026-04-25 17:27:59,011 [INFO] PPO Update Epoch 5/15 (Pending: 10)
2026-04-25 17:27:59,017 [INFO] PPO Update Epoch 6/15 (Pending: 9)
2026-04-25 17:27:59,023 [INFO] PPO Update Epoch 7/15 (Pending: 8)
2026-04-25 17:27:59,030 [INFO] PPO Update Epoch 8/15 (Pending: 7)
2026-04-25 17:27:59,037 [INFO] PPO Update Epoch 9/15 (Pending: 6)
2026-04-25 17:27:59,044 [INFO] PPO Update Epoch 10/15 (Pending: 5)
2026-04-25 17:27:59,050 [INFO] PPO Update Epoch 11/15 (Pending: 4)
2026-04-25 17:27:59,057 [INFO] PPO Update Epoch 12/15 (Pending: 3)
2026-04-25 17:27:59,064 [INFO] PPO Update Epoch 13/15 (Pending: 2)
2026-04-25 17:27:59,071 [INFO] PPO Update Epoch 14/15 (Pending: 1)
2026-04-25 17:27:59,078 [INFO] PPO Update Epoch 15/15 (Pending: 0)
2026-04-25 17:28:08,024 [INFO] PPO Update Epoch 1/15 (Pending: 14)
2026-04-25 17:28:08,032 [INFO] PPO Update Epoch 2/15 (Pending: 13)
2026-04-25 17:28:08,038 [INFO] PPO Update Epoch 3/15 (Pending: 12)
2026-04-25 17:28:08,045 [INFO] PPO Update Epoch 4/15 (Pending: 11)
2026-04-25 17:28:08,052 [INFO] PPO Update Epoch 5/15 (Pending: 10)
2026-04-25 17:28:08,059 [INFO] PPO Update Epoch 6/15 (Pending: 9)
2026-04-25 17:28:08,066 [INFO] PPO Update Epoch 7/15 (Pending: 8)
2026-04-25 17:28:08,072 [INFO] PPO Update Epoch 8/15 (Pending: 7)
2026-04-25 17:28:08,079 [INFO] PPO Update Epoch 9/15 (Pending: 6)
2026-04-25 17:28:08,086 [INFO] PPO Update Epoch 10/15 (Pending: 5)
2026-04-25 17:28:08,093 [INFO] PPO Update Epoch 11/15 (Pending: 4)
2026-04-25 17:28:08,100 [INFO] PPO Update Epoch 12/15 (Pending: 3)
2026-04-25 17:28:08,107 [INFO] PPO Update Epoch 13/15 (Pending: 2)
2026-04-25 17:28:08,113 [INFO] PPO Update Epoch 14/15 (Pending: 1)
2026-04-25 17:28:08,120 [INFO] PPO Update Epoch 15/15 (Pending: 0)
2026-04-25 17:28:17,082 [INFO] PPO Update Epoch 1/15 (Pending: 14)
2026-04-25 17:28:17,091 [INFO] PPO Update Epoch 2/15 (Pending: 13)
2026-04-25 17:28:17,097 [INFO] PPO Update Epoch 3/15 (Pending: 12)
2026-04-25 17:28:17,105 [INFO] PPO Update Epoch 4/15 (Pending: 11)
2026-04-25 17:28:17,114 [INFO] PPO Update Epoch 5/15 (Pending: 10)
2026-04-25 17:28:17,128 [INFO] PPO Update Epoch 6/15 (Pending: 9)
2026-04-25 17:28:17,142 [INFO] PPO Update Epoch 7/15 (Pending: 8)
2026-04-25 17:28:17,158 [INFO] PPO Update Epoch 8/15 (Pending: 7)
2026-04-25 17:28:17,174 [INFO] PPO Update Epoch 9/15 (Pending: 6)
2026-04-25 17:28:17,189 [INFO] PPO Update Epoch 10/15 (Pending: 5)
2026-04-25 17:28:17,204 [INFO] PPO Update Epoch 11/15 (Pending: 4)
2026-04-25 17:28:17,220 [INFO] PPO Update Epoch 12/15 (Pending: 3)
2026-04-25 17:28:17,237 [INFO] PPO Update Epoch 13/15 (Pending: 2)
2026-04-25 17:28:17,254 [INFO] PPO Update Epoch 14/15 (Pending: 1)
2026-04-25 17:28:17,271 [INFO] PPO Update Epoch 15/15 (Pending: 0)
2026-04-25 17:28:27,729 [INFO] PPO Update Epoch 1/15 (Pending: 14)
2026-04-25 17:28:27,740 [INFO] PPO Update Epoch 2/15 (Pending: 13)
2026-04-25 17:28:27,747 [INFO] PPO Update Epoch 3/15 (Pending: 12)
2026-04-25 17:28:27,755 [INFO] PPO Update Epoch 4/15 (Pending: 11)
2026-04-25 17:28:27,767 [INFO] PPO Update Epoch 5/15 (Pending: 10)
2026-04-25 17:28:27,781 [INFO] PPO Update Epoch 6/15 (Pending: 9)
2026-04-25 17:28:27,798 [INFO] PPO Update Epoch 7/15 (Pending: 8)
2026-04-25 17:28:27,816 [INFO] PPO Update Epoch 8/15 (Pending: 7)
2026-04-25 17:28:27,831 [INFO] PPO Update Epoch 9/15 (Pending: 6)
2026-04-25 17:28:27,846 [INFO] PPO Update Epoch 10/15 (Pending: 5)
2026-04-25 17:28:27,860 [INFO] PPO Update Epoch 11/15 (Pending: 4)
2026-04-25 17:28:27,874 [INFO] PPO Update Epoch 12/15 (Pending: 3)
2026-04-25 17:28:27,888 [INFO] PPO Update Epoch 13/15 (Pending: 2)
2026-04-25 17:28:27,904 [INFO] PPO Update Epoch 14/15 (Pending: 1)
2026-04-25 17:28:27,919 [INFO] PPO Update Epoch 15/15 (Pending: 0)
2026-04-25 17:28:27,934 [INFO] update=10 avg_reward=-1.3679 model_steps=10
2026-04-25 17:28:37,049 [INFO] PPO Update Epoch 1/15 (Pending: 14)
2026-04-25 17:28:37,058 [INFO] PPO Update Epoch 2/15 (Pending: 13)
2026-04-25 17:28:37,066 [INFO] PPO Update Epoch 3/15 (Pending: 12)
2026-04-25 17:28:37,079 [INFO] PPO Update Epoch 4/15 (Pending: 11)
2026-04-25 17:28:37,094 [INFO] PPO Update Epoch 5/15 (Pending: 10)
2026-04-25 17:28:37,108 [INFO] PPO Update Epoch 6/15 (Pending: 9)
2026-04-25 17:28:37,124 [INFO] PPO Update Epoch 7/15 (Pending: 8)
2026-04-25 17:28:37,139 [INFO] PPO Update Epoch 8/15 (Pending: 7)
2026-04-25 17:28:37,154 [INFO] PPO Update Epoch 9/15 (Pending: 6)
2026-04-25 17:28:37,168 [INFO] PPO Update Epoch 10/15 (Pending: 5)
2026-04-25 17:28:37,182 [INFO] PPO Update Epoch 11/15 (Pending: 4)
2026-04-25 17:28:37,196 [INFO] PPO Update Epoch 12/15 (Pending: 3)
2026-04-25 17:28:37,210 [INFO] PPO Update Epoch 13/15 (Pending: 2)
2026-04-25 17:28:37,225 [INFO] PPO Update Epoch 14/15 (Pending: 1)
2026-04-25 17:28:37,239 [INFO] PPO Update Epoch 15/15 (Pending: 0)
2026-04-25 17:28:47,428 [INFO] PPO Update Epoch 1/15 (Pending: 14)
2026-04-25 17:28:47,437 [INFO] PPO Update Epoch 2/15 (Pending: 13)
2026-04-25 17:28:47,445 [INFO] PPO Update Epoch 3/15 (Pending: 12)
2026-04-25 17:28:47,451 [INFO] PPO Update Epoch 4/15 (Pending: 11)
2026-04-25 17:28:47,459 [INFO] PPO Update Epoch 5/15 (Pending: 10)
2026-04-25 17:28:47,467 [INFO] PPO Update Epoch 6/15 (Pending: 9)
2026-04-25 17:28:47,475 [INFO] PPO Update Epoch 7/15 (Pending: 8)
2026-04-25 17:28:47,483 [INFO] PPO Update Epoch 8/15 (Pending: 7)
2026-04-25 17:28:47,490 [INFO] PPO Update Epoch 9/15 (Pending: 6)
2026-04-25 17:28:47,498 [INFO] PPO Update Epoch 10/15 (Pending: 5)
2026-04-25 17:28:47,505 [INFO] PPO Update Epoch 11/15 (Pending: 4)
2026-04-25 17:28:47,513 [INFO] PPO Update Epoch 12/15 (Pending: 3)
2026-04-25 17:28:47,520 [INFO] PPO Update Epoch 13/15 (Pending: 2)
2026-04-25 17:28:47,528 [INFO] PPO Update Epoch 14/15 (Pending: 1)
2026-04-25 17:28:47,536 [INFO] PPO Update Epoch 15/15 (Pending: 0)
2026-04-25 17:28:56,992 [INFO] PPO Update Epoch 1/15 (Pending: 14)
2026-04-25 17:28:57,002 [INFO] PPO Update Epoch 2/15 (Pending: 13)
2026-04-25 17:28:57,019 [INFO] PPO Update Epoch 3/15 (Pending: 12)
2026-04-25 17:28:57,036 [INFO] PPO Update Epoch 4/15 (Pending: 11)
2026-04-25 17:28:57,054 [INFO] PPO Update Epoch 5/15 (Pending: 10)
2026-04-25 17:28:57,071 [INFO] PPO Update Epoch 6/15 (Pending: 9)
2026-04-25 17:28:57,088 [INFO] PPO Update Epoch 7/15 (Pending: 8)
2026-04-25 17:28:57,104 [INFO] PPO Update Epoch 8/15 (Pending: 7)
2026-04-25 17:28:57,119 [INFO] PPO Update Epoch 9/15 (Pending: 6)
2026-04-25 17:28:57,133 [INFO] PPO Update Epoch 10/15 (Pending: 5)
2026-04-25 17:28:57,148 [INFO] PPO Update Epoch 11/15 (Pending: 4)
2026-04-25 17:28:57,163 [INFO] PPO Update Epoch 12/15 (Pending: 3)
2026-04-25 17:28:57,180 [INFO] PPO Update Epoch 13/15 (Pending: 2)
2026-04-25 17:28:57,196 [INFO] PPO Update Epoch 14/15 (Pending: 1)
2026-04-25 17:28:57,210 [INFO] PPO Update Epoch 15/15 (Pending: 0)
2026-04-25 17:29:07,682 [INFO] PPO Update Epoch 1/15 (Pending: 14)
2026-04-25 17:29:07,692 [INFO] PPO Update Epoch 2/15 (Pending: 13)
2026-04-25 17:29:07,700 [INFO] PPO Update Epoch 3/15 (Pending: 12)
2026-04-25 17:29:07,708 [INFO] PPO Update Epoch 4/15 (Pending: 11)
2026-04-25 17:29:07,720 [INFO] PPO Update Epoch 5/15 (Pending: 10)
2026-04-25 17:29:07,734 [INFO] PPO Update Epoch 6/15 (Pending: 9)
2026-04-25 17:29:07,749 [INFO] PPO Update Epoch 7/15 (Pending: 8)
2026-04-25 17:29:07,764 [INFO] PPO Update Epoch 8/15 (Pending: 7)
2026-04-25 17:29:07,779 [INFO] PPO Update Epoch 9/15 (Pending: 6)
2026-04-25 17:29:07,796 [INFO] PPO Update Epoch 10/15 (Pending: 5)
2026-04-25 17:29:07,812 [INFO] PPO Update Epoch 11/15 (Pending: 4)
2026-04-25 17:29:07,828 [INFO] PPO Update Epoch 12/15 (Pending: 3)
2026-04-25 17:29:07,842 [INFO] PPO Update Epoch 13/15 (Pending: 2)
2026-04-25 17:29:07,857 [INFO] PPO Update Epoch 14/15 (Pending: 1)
2026-04-25 17:29:07,872 [INFO] PPO Update Epoch 15/15 (Pending: 0)
2026-04-25 17:29:18,281 [INFO] PPO Update Epoch 1/15 (Pending: 14)
2026-04-25 17:29:18,291 [INFO] PPO Update Epoch 2/15 (Pending: 13)
2026-04-25 17:29:18,299 [INFO] PPO Update Epoch 3/15 (Pending: 12)
2026-04-25 17:29:18,307 [INFO] PPO Update Epoch 4/15 (Pending: 11)
2026-04-25 17:29:18,319 [INFO] PPO Update Epoch 5/15 (Pending: 10)
2026-04-25 17:29:18,334 [INFO] PPO Update Epoch 6/15 (Pending: 9)
2026-04-25 17:29:18,352 [INFO] PPO Update Epoch 7/15 (Pending: 8)
2026-04-25 17:29:18,369 [INFO] PPO Update Epoch 8/15 (Pending: 7)
2026-04-25 17:29:18,385 [INFO] PPO Update Epoch 9/15 (Pending: 6)
2026-04-25 17:29:18,401 [INFO] PPO Update Epoch 10/15 (Pending: 5)
2026-04-25 17:29:18,415 [INFO] PPO Update Epoch 11/15 (Pending: 4)
2026-04-25 17:29:18,425 [INFO] PPO Update Epoch 12/15 (Pending: 3)
2026-04-25 17:29:18,434 [INFO] PPO Update Epoch 13/15 (Pending: 2)
2026-04-25 17:29:18,441 [INFO] PPO Update Epoch 14/15 (Pending: 1)
2026-04-25 17:29:18,447 [INFO] PPO Update Epoch 15/15 (Pending: 0)
2026-04-25 17:29:28,825 [INFO] PPO Update Epoch 1/15 (Pending: 14)
2026-04-25 17:29:28,834 [INFO] PPO Update Epoch 2/15 (Pending: 13)
2026-04-25 17:29:28,843 [INFO] PPO Update Epoch 3/15 (Pending: 12)
2026-04-25 17:29:28,851 [INFO] PPO Update Epoch 4/15 (Pending: 11)
2026-04-25 17:29:28,859 [INFO] PPO Update Epoch 5/15 (Pending: 10)
2026-04-25 17:29:28,867 [INFO] PPO Update Epoch 6/15 (Pending: 9)
2026-04-25 17:29:28,875 [INFO] PPO Update Epoch 7/15 (Pending: 8)
2026-04-25 17:29:28,883 [INFO] PPO Update Epoch 8/15 (Pending: 7)
2026-04-25 17:29:28,891 [INFO] PPO Update Epoch 9/15 (Pending: 6)
2026-04-25 17:29:28,899 [INFO] PPO Update Epoch 10/15 (Pending: 5)
2026-04-25 17:29:28,907 [INFO] PPO Update Epoch 11/15 (Pending: 4)
2026-04-25 17:29:28,915 [INFO] PPO Update Epoch 12/15 (Pending: 3)
2026-04-25 17:29:28,923 [INFO] PPO Update Epoch 13/15 (Pending: 2)
2026-04-25 17:29:28,931 [INFO] PPO Update Epoch 14/15 (Pending: 1)
2026-04-25 17:29:28,939 [INFO] PPO Update Epoch 15/15 (Pending: 0)
2026-04-25 17:29:39,245 [INFO] PPO Update Epoch 1/15 (Pending: 14)
2026-04-25 17:29:39,255 [INFO] PPO Update Epoch 2/15 (Pending: 13)
2026-04-25 17:29:39,263 [INFO] PPO Update Epoch 3/15 (Pending: 12)
2026-04-25 17:29:39,279 [INFO] PPO Update Epoch 4/15 (Pending: 11)
2026-04-25 17:29:39,296 [INFO] PPO Update Epoch 5/15 (Pending: 10)
2026-04-25 17:29:39,313 [INFO] PPO Update Epoch 6/15 (Pending: 9)
2026-04-25 17:29:39,338 [INFO] PPO Update Epoch 7/15 (Pending: 8)
2026-04-25 17:29:39,357 [INFO] PPO Update Epoch 8/15 (Pending: 7)
2026-04-25 17:29:39,374 [INFO] PPO Update Epoch 9/15 (Pending: 6)
2026-04-25 17:29:39,391 [INFO] PPO Update Epoch 10/15 (Pending: 5)
2026-04-25 17:29:39,409 [INFO] PPO Update Epoch 11/15 (Pending: 4)
2026-04-25 17:29:39,424 [INFO] PPO Update Epoch 12/15 (Pending: 3)
2026-04-25 17:29:39,439 [INFO] PPO Update Epoch 13/15 (Pending: 2)
2026-04-25 17:29:39,454 [INFO] PPO Update Epoch 14/15 (Pending: 1)
2026-04-25 17:29:39,468 [INFO] PPO Update Epoch 15/15 (Pending: 0)
2026-04-25 17:29:49,309 [INFO] PPO Update Epoch 1/15 (Pending: 14)
2026-04-25 17:29:49,319 [INFO] PPO Update Epoch 2/15 (Pending: 13)
2026-04-25 17:29:49,329 [INFO] PPO Update Epoch 3/15 (Pending: 12)
2026-04-25 17:29:49,343 [INFO] PPO Update Epoch 4/15 (Pending: 11)
2026-04-25 17:29:49,358 [INFO] PPO Update Epoch 5/15 (Pending: 10)
2026-04-25 17:29:49,373 [INFO] PPO Update Epoch 6/15 (Pending: 9)
2026-04-25 17:29:49,388 [INFO] PPO Update Epoch 7/15 (Pending: 8)
2026-04-25 17:29:49,405 [INFO] PPO Update Epoch 8/15 (Pending: 7)
2026-04-25 17:29:49,423 [INFO] PPO Update Epoch 9/15 (Pending: 6)
2026-04-25 17:29:49,439 [INFO] PPO Update Epoch 10/15 (Pending: 5)
2026-04-25 17:29:49,454 [INFO] PPO Update Epoch 11/15 (Pending: 4)
2026-04-25 17:29:49,468 [INFO] PPO Update Epoch 12/15 (Pending: 3)
2026-04-25 17:29:49,483 [INFO] PPO Update Epoch 13/15 (Pending: 2)
2026-04-25 17:29:49,498 [INFO] PPO Update Epoch 14/15 (Pending: 1)
2026-04-25 17:29:49,516 [INFO] PPO Update Epoch 15/15 (Pending: 0)
2026-04-25 17:30:00,073 [INFO] PPO Update Epoch 1/15 (Pending: 14)
2026-04-25 17:30:00,083 [INFO] PPO Update Epoch 2/15 (Pending: 13)
2026-04-25 17:30:00,091 [INFO] PPO Update Epoch 3/15 (Pending: 12)
2026-04-25 17:30:00,101 [INFO] PPO Update Epoch 4/15 (Pending: 11)
2026-04-25 17:30:00,117 [INFO] PPO Update Epoch 5/15 (Pending: 10)
2026-04-25 17:30:00,139 [INFO] PPO Update Epoch 6/15 (Pending: 9)
2026-04-25 17:30:00,161 [INFO] PPO Update Epoch 7/15 (Pending: 8)
2026-04-25 17:30:00,179 [INFO] PPO Update Epoch 8/15 (Pending: 7)
2026-04-25 17:30:00,197 [INFO] PPO Update Epoch 9/15 (Pending: 6)
2026-04-25 17:30:00,217 [INFO] PPO Update Epoch 10/15 (Pending: 5)
2026-04-25 17:30:00,234 [INFO] PPO Update Epoch 11/15 (Pending: 4)
2026-04-25 17:30:00,252 [INFO] PPO Update Epoch 12/15 (Pending: 3)
2026-04-25 17:30:00,268 [INFO] PPO Update Epoch 13/15 (Pending: 2)
2026-04-25 17:30:00,284 [INFO] PPO Update Epoch 14/15 (Pending: 1)
2026-04-25 17:30:00,300 [INFO] PPO Update Epoch 15/15 (Pending: 0)
2026-04-25 17:30:11,093 [INFO] PPO Update Epoch 1/15 (Pending: 14)
2026-04-25 17:30:11,102 [INFO] PPO Update Epoch 2/15 (Pending: 13)
2026-04-25 17:30:11,109 [INFO] PPO Update Epoch 3/15 (Pending: 12)
2026-04-25 17:30:11,117 [INFO] PPO Update Epoch 4/15 (Pending: 11)
2026-04-25 17:30:11,127 [INFO] PPO Update Epoch 5/15 (Pending: 10)
2026-04-25 17:30:11,141 [INFO] PPO Update Epoch 6/15 (Pending: 9)
2026-04-25 17:30:11,157 [INFO] PPO Update Epoch 7/15 (Pending: 8)
2026-04-25 17:30:11,173 [INFO] PPO Update Epoch 8/15 (Pending: 7)
2026-04-25 17:30:11,191 [INFO] PPO Update Epoch 9/15 (Pending: 6)
2026-04-25 17:30:11,211 [INFO] PPO Update Epoch 10/15 (Pending: 5)
2026-04-25 17:30:11,231 [INFO] PPO Update Epoch 11/15 (Pending: 4)
2026-04-25 17:30:11,250 [INFO] PPO Update Epoch 12/15 (Pending: 3)
2026-04-25 17:30:11,271 [INFO] PPO Update Epoch 13/15 (Pending: 2)
2026-04-25 17:30:11,292 [INFO] PPO Update Epoch 14/15 (Pending: 1)
2026-04-25 17:30:11,312 [INFO] PPO Update Epoch 15/15 (Pending: 0)
2026-04-25 17:30:11,337 [INFO] update=20 avg_reward=-1.6061 model_steps=20
2026-04-25 17:30:21,442 [INFO] PPO Update Epoch 1/15 (Pending: 14)
2026-04-25 17:30:21,451 [INFO] PPO Update Epoch 2/15 (Pending: 13)
2026-04-25 17:30:21,458 [INFO] PPO Update Epoch 3/15 (Pending: 12)
2026-04-25 17:30:21,465 [INFO] PPO Update Epoch 4/15 (Pending: 11)
2026-04-25 17:30:21,474 [INFO] PPO Update Epoch 5/15 (Pending: 10)
2026-04-25 17:30:21,488 [INFO] PPO Update Epoch 6/15 (Pending: 9)
2026-04-25 17:30:21,505 [INFO] PPO Update Epoch 7/15 (Pending: 8)
2026-04-25 17:30:21,523 [INFO] PPO Update Epoch 8/15 (Pending: 7)
2026-04-25 17:30:21,541 [INFO] PPO Update Epoch 9/15 (Pending: 6)
2026-04-25 17:30:21,558 [INFO] PPO Update Epoch 10/15 (Pending: 5)
2026-04-25 17:30:21,574 [INFO] PPO Update Epoch 11/15 (Pending: 4)
2026-04-25 17:30:21,589 [INFO] PPO Update Epoch 12/15 (Pending: 3)
2026-04-25 17:30:21,606 [INFO] PPO Update Epoch 13/15 (Pending: 2)
2026-04-25 17:30:21,622 [INFO] PPO Update Epoch 14/15 (Pending: 1)
2026-04-25 17:30:21,637 [INFO] PPO Update Epoch 15/15 (Pending: 0)
2026-04-25 17:30:30,839 [INFO] PPO Update Epoch 1/15 (Pending: 14)
2026-04-25 17:30:30,848 [INFO] PPO Update Epoch 2/15 (Pending: 13)
2026-04-25 17:30:30,856 [INFO] PPO Update Epoch 3/15 (Pending: 12)
2026-04-25 17:30:30,863 [INFO] PPO Update Epoch 4/15 (Pending: 11)
2026-04-25 17:30:30,872 [INFO] PPO Update Epoch 5/15 (Pending: 10)
2026-04-25 17:30:30,886 [INFO] PPO Update Epoch 6/15 (Pending: 9)
2026-04-25 17:30:30,901 [INFO] PPO Update Epoch 7/15 (Pending: 8)
2026-04-25 17:30:30,918 [INFO] PPO Update Epoch 8/15 (Pending: 7)
2026-04-25 17:30:30,934 [INFO] PPO Update Epoch 9/15 (Pending: 6)
2026-04-25 17:30:30,949 [INFO] PPO Update Epoch 10/15 (Pending: 5)
2026-04-25 17:30:30,964 [INFO] PPO Update Epoch 11/15 (Pending: 4)
2026-04-25 17:30:30,979 [INFO] PPO Update Epoch 12/15 (Pending: 3)
2026-04-25 17:30:30,992 [INFO] PPO Update Epoch 13/15 (Pending: 2)
2026-04-25 17:30:31,005 [INFO] PPO Update Epoch 14/15 (Pending: 1)
2026-04-25 17:30:31,016 [INFO] PPO Update Epoch 15/15 (Pending: 0)
2026-04-25 17:30:40,507 [INFO] PPO Update Epoch 1/15 (Pending: 14)
2026-04-25 17:30:40,516 [INFO] PPO Update Epoch 2/15 (Pending: 13)
2026-04-25 17:30:40,523 [INFO] PPO Update Epoch 3/15 (Pending: 12)
2026-04-25 17:30:40,531 [INFO] PPO Update Epoch 4/15 (Pending: 11)
2026-04-25 17:30:40,539 [INFO] PPO Update Epoch 5/15 (Pending: 10)
2026-04-25 17:30:40,552 [INFO] PPO Update Epoch 6/15 (Pending: 9)
2026-04-25 17:30:40,567 [INFO] PPO Update Epoch 7/15 (Pending: 8)
2026-04-25 17:30:40,581 [INFO] PPO Update Epoch 8/15 (Pending: 7)
2026-04-25 17:30:40,596 [INFO] PPO Update Epoch 9/15 (Pending: 6)
2026-04-25 17:30:40,612 [INFO] PPO Update Epoch 10/15 (Pending: 5)
2026-04-25 17:30:40,631 [INFO] PPO Update Epoch 11/15 (Pending: 4)
2026-04-25 17:30:40,648 [INFO] PPO Update Epoch 12/15 (Pending: 3)
2026-04-25 17:30:40,663 [INFO] PPO Update Epoch 13/15 (Pending: 2)
2026-04-25 17:30:40,681 [INFO] PPO Update Epoch 14/15 (Pending: 1)
2026-04-25 17:30:40,695 [INFO] PPO Update Epoch 15/15 (Pending: 0)
2026-04-25 17:30:49,982 [INFO] PPO Update Epoch 1/15 (Pending: 14)
2026-04-25 17:30:49,991 [INFO] PPO Update Epoch 2/15 (Pending: 13)
2026-04-25 17:30:49,998 [INFO] PPO Update Epoch 3/15 (Pending: 12)
2026-04-25 17:30:50,006 [INFO] PPO Update Epoch 4/15 (Pending: 11)
2026-04-25 17:30:50,014 [INFO] PPO Update Epoch 5/15 (Pending: 10)
2026-04-25 17:30:50,027 [INFO] PPO Update Epoch 6/15 (Pending: 9)
2026-04-25 17:30:50,042 [INFO] PPO Update Epoch 7/15 (Pending: 8)
2026-04-25 17:30:50,058 [INFO] PPO Update Epoch 8/15 (Pending: 7)
2026-04-25 17:30:50,074 [INFO] PPO Update Epoch 9/15 (Pending: 6)
2026-04-25 17:30:50,090 [INFO] PPO Update Epoch 10/15 (Pending: 5)
2026-04-25 17:30:50,112 [INFO] PPO Update Epoch 11/15 (Pending: 4)
2026-04-25 17:30:50,143 [INFO] PPO Update Epoch 12/15 (Pending: 3)
2026-04-25 17:30:50,170 [INFO] PPO Update Epoch 13/15 (Pending: 2)
2026-04-25 17:30:50,193 [INFO] PPO Update Epoch 14/15 (Pending: 1)
2026-04-25 17:30:50,212 [INFO] PPO Update Epoch 15/15 (Pending: 0)
2026-04-25 17:30:59,418 [INFO] PPO Update Epoch 1/15 (Pending: 14)
2026-04-25 17:30:59,426 [INFO] PPO Update Epoch 2/15 (Pending: 13)
2026-04-25 17:30:59,433 [INFO] PPO Update Epoch 3/15 (Pending: 12)
2026-04-25 17:30:59,440 [INFO] PPO Update Epoch 4/15 (Pending: 11)
2026-04-25 17:30:59,447 [INFO] PPO Update Epoch 5/15 (Pending: 10)
2026-04-25 17:30:59,454 [INFO] PPO Update Epoch 6/15 (Pending: 9)
2026-04-25 17:30:59,462 [INFO] PPO Update Epoch 7/15 (Pending: 8)
2026-04-25 17:30:59,469 [INFO] PPO Update Epoch 8/15 (Pending: 7)
2026-04-25 17:30:59,475 [INFO] PPO Update Epoch 9/15 (Pending: 6)
2026-04-25 17:30:59,482 [INFO] PPO Update Epoch 10/15 (Pending: 5)
2026-04-25 17:30:59,489 [INFO] PPO Update Epoch 11/15 (Pending: 4)
2026-04-25 17:30:59,496 [INFO] PPO Update Epoch 12/15 (Pending: 3)
2026-04-25 17:30:59,503 [INFO] PPO Update Epoch 13/15 (Pending: 2)
2026-04-25 17:30:59,511 [INFO] PPO Update Epoch 14/15 (Pending: 1)
2026-04-25 17:30:59,518 [INFO] PPO Update Epoch 15/15 (Pending: 0)
2026-04-25 17:31:08,937 [INFO] PPO Update Epoch 1/15 (Pending: 14)
2026-04-25 17:31:08,947 [INFO] PPO Update Epoch 2/15 (Pending: 13)
2026-04-25 17:31:08,955 [INFO] PPO Update Epoch 3/15 (Pending: 12)
2026-04-25 17:31:08,964 [INFO] PPO Update Epoch 4/15 (Pending: 11)
2026-04-25 17:31:08,977 [INFO] PPO Update Epoch 5/15 (Pending: 10)
2026-04-25 17:31:08,992 [INFO] PPO Update Epoch 6/15 (Pending: 9)
2026-04-25 17:31:09,008 [INFO] PPO Update Epoch 7/15 (Pending: 8)
2026-04-25 17:31:09,024 [INFO] PPO Update Epoch 8/15 (Pending: 7)
2026-04-25 17:31:09,039 [INFO] PPO Update Epoch 9/15 (Pending: 6)
2026-04-25 17:31:09,053 [INFO] PPO Update Epoch 10/15 (Pending: 5)
2026-04-25 17:31:09,068 [INFO] PPO Update Epoch 11/15 (Pending: 4)
2026-04-25 17:31:09,083 [INFO] PPO Update Epoch 12/15 (Pending: 3)
2026-04-25 17:31:09,099 [INFO] PPO Update Epoch 13/15 (Pending: 2)
2026-04-25 17:31:09,113 [INFO] PPO Update Epoch 14/15 (Pending: 1)
2026-04-25 17:31:09,130 [INFO] PPO Update Epoch 15/15 (Pending: 0)
2026-04-25 17:31:19,881 [INFO] PPO Update Epoch 1/15 (Pending: 14)
2026-04-25 17:31:19,899 [INFO] PPO Update Epoch 2/15 (Pending: 13)
2026-04-25 17:31:19,913 [INFO] PPO Update Epoch 3/15 (Pending: 12)
2026-04-25 17:31:19,922 [INFO] PPO Update Epoch 4/15 (Pending: 11)
2026-04-25 17:31:19,935 [INFO] PPO Update Epoch 5/15 (Pending: 10)
2026-04-25 17:31:19,953 [INFO] PPO Update Epoch 6/15 (Pending: 9)
2026-04-25 17:31:19,974 [INFO] PPO Update Epoch 7/15 (Pending: 8)
2026-04-25 17:31:19,994 [INFO] PPO Update Epoch 8/15 (Pending: 7)
2026-04-25 17:31:20,016 [INFO] PPO Update Epoch 9/15 (Pending: 6)
2026-04-25 17:31:20,038 [INFO] PPO Update Epoch 10/15 (Pending: 5)
2026-04-25 17:31:20,059 [INFO] PPO Update Epoch 11/15 (Pending: 4)
2026-04-25 17:31:20,079 [INFO] PPO Update Epoch 12/15 (Pending: 3)
2026-04-25 17:31:20,100 [INFO] PPO Update Epoch 13/15 (Pending: 2)
2026-04-25 17:31:20,122 [INFO] PPO Update Epoch 14/15 (Pending: 1)
2026-04-25 17:31:20,142 [INFO] PPO Update Epoch 15/15 (Pending: 0)
2026-04-25 17:31:30,664 [INFO] PPO Update Epoch 1/15 (Pending: 14)
2026-04-25 17:31:30,674 [INFO] PPO Update Epoch 2/15 (Pending: 13)
2026-04-25 17:31:30,682 [INFO] PPO Update Epoch 3/15 (Pending: 12)
2026-04-25 17:31:30,691 [INFO] PPO Update Epoch 4/15 (Pending: 11)
2026-04-25 17:31:30,702 [INFO] PPO Update Epoch 5/15 (Pending: 10)
2026-04-25 17:31:30,717 [INFO] PPO Update Epoch 6/15 (Pending: 9)
2026-04-25 17:31:30,732 [INFO] PPO Update Epoch 7/15 (Pending: 8)
2026-04-25 17:31:30,748 [INFO] PPO Update Epoch 8/15 (Pending: 7)
2026-04-25 17:31:30,764 [INFO] PPO Update Epoch 9/15 (Pending: 6)
2026-04-25 17:31:30,779 [INFO] PPO Update Epoch 10/15 (Pending: 5)
2026-04-25 17:31:30,793 [INFO] PPO Update Epoch 11/15 (Pending: 4)
2026-04-25 17:31:30,808 [INFO] PPO Update Epoch 12/15 (Pending: 3)
2026-04-25 17:31:30,822 [INFO] PPO Update Epoch 13/15 (Pending: 2)
2026-04-25 17:31:30,837 [INFO] PPO Update Epoch 14/15 (Pending: 1)
2026-04-25 17:31:30,853 [INFO] PPO Update Epoch 15/15 (Pending: 0)
2026-04-25 17:31:41,292 [INFO] PPO Update Epoch 1/15 (Pending: 14)
2026-04-25 17:31:41,302 [INFO] PPO Update Epoch 2/15 (Pending: 13)
2026-04-25 17:31:41,311 [INFO] PPO Update Epoch 3/15 (Pending: 12)
2026-04-25 17:31:41,319 [INFO] PPO Update Epoch 4/15 (Pending: 11)
2026-04-25 17:31:41,327 [INFO] PPO Update Epoch 5/15 (Pending: 10)
2026-04-25 17:31:41,335 [INFO] PPO Update Epoch 6/15 (Pending: 9)
2026-04-25 17:31:41,343 [INFO] PPO Update Epoch 7/15 (Pending: 8)
2026-04-25 17:31:41,351 [INFO] PPO Update Epoch 8/15 (Pending: 7)
2026-04-25 17:31:41,359 [INFO] PPO Update Epoch 9/15 (Pending: 6)
2026-04-25 17:31:41,367 [INFO] PPO Update Epoch 10/15 (Pending: 5)
2026-04-25 17:31:41,375 [INFO] PPO Update Epoch 11/15 (Pending: 4)
2026-04-25 17:31:41,383 [INFO] PPO Update Epoch 12/15 (Pending: 3)
2026-04-25 17:31:41,391 [INFO] PPO Update Epoch 13/15 (Pending: 2)
2026-04-25 17:31:41,399 [INFO] PPO Update Epoch 14/15 (Pending: 1)
2026-04-25 17:31:41,408 [INFO] PPO Update Epoch 15/15 (Pending: 0)
2026-04-25 17:31:51,952 [INFO] PPO Update Epoch 1/15 (Pending: 14)
2026-04-25 17:31:51,961 [INFO] PPO Update Epoch 2/15 (Pending: 13)
2026-04-25 17:31:51,969 [INFO] PPO Update Epoch 3/15 (Pending: 12)
2026-04-25 17:31:51,976 [INFO] PPO Update Epoch 4/15 (Pending: 11)
2026-04-25 17:31:51,984 [INFO] PPO Update Epoch 5/15 (Pending: 10)
2026-04-25 17:31:51,992 [INFO] PPO Update Epoch 6/15 (Pending: 9)
2026-04-25 17:31:52,000 [INFO] PPO Update Epoch 7/15 (Pending: 8)
2026-04-25 17:31:52,009 [INFO] PPO Update Epoch 8/15 (Pending: 7)
2026-04-25 17:31:52,017 [INFO] PPO Update Epoch 9/15 (Pending: 6)
2026-04-25 17:31:52,024 [INFO] PPO Update Epoch 10/15 (Pending: 5)
2026-04-25 17:31:52,032 [INFO] PPO Update Epoch 11/15 (Pending: 4)
2026-04-25 17:31:52,040 [INFO] PPO Update Epoch 12/15 (Pending: 3)
2026-04-25 17:31:52,048 [INFO] PPO Update Epoch 13/15 (Pending: 2)
2026-04-25 17:31:52,056 [INFO] PPO Update Epoch 14/15 (Pending: 1)
2026-04-25 17:31:52,063 [INFO] PPO Update Epoch 15/15 (Pending: 0)
2026-04-25 17:31:52,072 [INFO] update=30 avg_reward=-1.5325 model_steps=30
2026-04-25 17:32:02,428 [INFO] PPO Update Epoch 1/15 (Pending: 14)
2026-04-25 17:32:02,438 [INFO] PPO Update Epoch 2/15 (Pending: 13)
2026-04-25 17:32:02,446 [INFO] PPO Update Epoch 3/15 (Pending: 12)
2026-04-25 17:32:02,454 [INFO] PPO Update Epoch 4/15 (Pending: 11)
2026-04-25 17:32:02,462 [INFO] PPO Update Epoch 5/15 (Pending: 10)
2026-04-25 17:32:02,469 [INFO] PPO Update Epoch 6/15 (Pending: 9)
2026-04-25 17:32:02,478 [INFO] PPO Update Epoch 7/15 (Pending: 8)
2026-04-25 17:32:02,486 [INFO] PPO Update Epoch 8/15 (Pending: 7)
2026-04-25 17:32:02,493 [INFO] PPO Update Epoch 9/15 (Pending: 6)
2026-04-25 17:32:02,501 [INFO] PPO Update Epoch 10/15 (Pending: 5)
2026-04-25 17:32:02,510 [INFO] PPO Update Epoch 11/15 (Pending: 4)
2026-04-25 17:32:02,517 [INFO] PPO Update Epoch 12/15 (Pending: 3)
2026-04-25 17:32:02,525 [INFO] PPO Update Epoch 13/15 (Pending: 2)
2026-04-25 17:32:02,533 [INFO] PPO Update Epoch 14/15 (Pending: 1)
2026-04-25 17:32:02,541 [INFO] PPO Update Epoch 15/15 (Pending: 0)
2026-04-25 17:32:13,070 [INFO] PPO Update Epoch 1/15 (Pending: 14)
2026-04-25 17:32:13,080 [INFO] PPO Update Epoch 2/15 (Pending: 13)
2026-04-25 17:32:13,088 [INFO] PPO Update Epoch 3/15 (Pending: 12)
2026-04-25 17:32:13,096 [INFO] PPO Update Epoch 4/15 (Pending: 11)
2026-04-25 17:32:13,106 [INFO] PPO Update Epoch 5/15 (Pending: 10)
2026-04-25 17:32:13,120 [INFO] PPO Update Epoch 6/15 (Pending: 9)
2026-04-25 17:32:13,135 [INFO] PPO Update Epoch 7/15 (Pending: 8)
2026-04-25 17:32:13,151 [INFO] PPO Update Epoch 8/15 (Pending: 7)
2026-04-25 17:32:13,169 [INFO] PPO Update Epoch 9/15 (Pending: 6)
2026-04-25 17:32:13,185 [INFO] PPO Update Epoch 10/15 (Pending: 5)
2026-04-25 17:32:13,204 [INFO] PPO Update Epoch 11/15 (Pending: 4)
2026-04-25 17:32:13,223 [INFO] PPO Update Epoch 12/15 (Pending: 3)
2026-04-25 17:32:13,241 [INFO] PPO Update Epoch 13/15 (Pending: 2)
2026-04-25 17:32:13,259 [INFO] PPO Update Epoch 14/15 (Pending: 1)
2026-04-25 17:32:13,282 [INFO] PPO Update Epoch 15/15 (Pending: 0)
2026-04-25 17:32:23,955 [INFO] PPO Update Epoch 1/15 (Pending: 14)
2026-04-25 17:32:23,964 [INFO] PPO Update Epoch 2/15 (Pending: 13)
2026-04-25 17:32:23,973 [INFO] PPO Update Epoch 3/15 (Pending: 12)
2026-04-25 17:32:23,987 [INFO] PPO Update Epoch 4/15 (Pending: 11)
2026-04-25 17:32:24,003 [INFO] PPO Update Epoch 5/15 (Pending: 10)
2026-04-25 17:32:24,019 [INFO] PPO Update Epoch 6/15 (Pending: 9)
2026-04-25 17:32:24,034 [INFO] PPO Update Epoch 7/15 (Pending: 8)
2026-04-25 17:32:24,048 [INFO] PPO Update Epoch 8/15 (Pending: 7)
2026-04-25 17:32:24,063 [INFO] PPO Update Epoch 9/15 (Pending: 6)
2026-04-25 17:32:24,077 [INFO] PPO Update Epoch 10/15 (Pending: 5)
2026-04-25 17:32:24,093 [INFO] PPO Update Epoch 11/15 (Pending: 4)
2026-04-25 17:32:24,115 [INFO] PPO Update Epoch 12/15 (Pending: 3)
2026-04-25 17:32:24,132 [INFO] PPO Update Epoch 13/15 (Pending: 2)
2026-04-25 17:32:24,149 [INFO] PPO Update Epoch 14/15 (Pending: 1)
2026-04-25 17:32:24,165 [INFO] PPO Update Epoch 15/15 (Pending: 0)
2026-04-25 17:32:34,623 [INFO] PPO Update Epoch 1/15 (Pending: 14)
2026-04-25 17:32:34,633 [INFO] PPO Update Epoch 2/15 (Pending: 13)
2026-04-25 17:32:34,641 [INFO] PPO Update Epoch 3/15 (Pending: 12)
2026-04-25 17:32:34,649 [INFO] PPO Update Epoch 4/15 (Pending: 11)
2026-04-25 17:32:34,661 [INFO] PPO Update Epoch 5/15 (Pending: 10)
2026-04-25 17:32:34,674 [INFO] PPO Update Epoch 6/15 (Pending: 9)
2026-04-25 17:32:34,688 [INFO] PPO Update Epoch 7/15 (Pending: 8)
2026-04-25 17:32:34,699 [INFO] PPO Update Epoch 8/15 (Pending: 7)
2026-04-25 17:32:34,708 [INFO] PPO Update Epoch 9/15 (Pending: 6)
2026-04-25 17:32:34,716 [INFO] PPO Update Epoch 10/15 (Pending: 5)
2026-04-25 17:32:34,723 [INFO] PPO Update Epoch 11/15 (Pending: 4)
2026-04-25 17:32:34,729 [INFO] PPO Update Epoch 12/15 (Pending: 3)
2026-04-25 17:32:34,736 [INFO] PPO Update Epoch 13/15 (Pending: 2)
2026-04-25 17:32:34,744 [INFO] PPO Update Epoch 14/15 (Pending: 1)
2026-04-25 17:32:34,752 [INFO] PPO Update Epoch 15/15 (Pending: 0)
2026-04-25 17:32:45,188 [INFO] PPO Update Epoch 1/15 (Pending: 14)
2026-04-25 17:32:45,198 [INFO] PPO Update Epoch 2/15 (Pending: 13)
2026-04-25 17:32:45,206 [INFO] PPO Update Epoch 3/15 (Pending: 12)
2026-04-25 17:32:45,215 [INFO] PPO Update Epoch 4/15 (Pending: 11)
2026-04-25 17:32:45,245 [INFO] PPO Update Epoch 5/15 (Pending: 10)
2026-04-25 17:32:45,267 [INFO] PPO Update Epoch 6/15 (Pending: 9)
2026-04-25 17:32:45,286 [INFO] PPO Update Epoch 7/15 (Pending: 8)
2026-04-25 17:32:45,305 [INFO] PPO Update Epoch 8/15 (Pending: 7)
2026-04-25 17:32:45,324 [INFO] PPO Update Epoch 9/15 (Pending: 6)
2026-04-25 17:32:45,344 [INFO] PPO Update Epoch 10/15 (Pending: 5)
2026-04-25 17:32:45,364 [INFO] PPO Update Epoch 11/15 (Pending: 4)
2026-04-25 17:32:45,383 [INFO] PPO Update Epoch 12/15 (Pending: 3)
2026-04-25 17:32:45,403 [INFO] PPO Update Epoch 13/15 (Pending: 2)
2026-04-25 17:32:45,423 [INFO] PPO Update Epoch 14/15 (Pending: 1)
2026-04-25 17:32:45,441 [INFO] PPO Update Epoch 15/15 (Pending: 0)
2026-04-25 17:32:54,874 [INFO] PPO Update Epoch 1/15 (Pending: 14)
2026-04-25 17:32:54,883 [INFO] PPO Update Epoch 2/15 (Pending: 13)
2026-04-25 17:32:54,890 [INFO] PPO Update Epoch 3/15 (Pending: 12)
2026-04-25 17:32:54,898 [INFO] PPO Update Epoch 4/15 (Pending: 11)
2026-04-25 17:32:54,907 [INFO] PPO Update Epoch 5/15 (Pending: 10)
2026-04-25 17:32:54,920 [INFO] PPO Update Epoch 6/15 (Pending: 9)
2026-04-25 17:32:54,935 [INFO] PPO Update Epoch 7/15 (Pending: 8)
2026-04-25 17:32:54,951 [INFO] PPO Update Epoch 8/15 (Pending: 7)
2026-04-25 17:32:54,966 [INFO] PPO Update Epoch 9/15 (Pending: 6)
2026-04-25 17:32:54,982 [INFO] PPO Update Epoch 10/15 (Pending: 5)
2026-04-25 17:32:54,998 [INFO] PPO Update Epoch 11/15 (Pending: 4)
2026-04-25 17:32:55,013 [INFO] PPO Update Epoch 12/15 (Pending: 3)
2026-04-25 17:32:55,029 [INFO] PPO Update Epoch 13/15 (Pending: 2)
2026-04-25 17:32:55,047 [INFO] PPO Update Epoch 14/15 (Pending: 1)
2026-04-25 17:32:55,064 [INFO] PPO Update Epoch 15/15 (Pending: 0)
2026-04-25 17:33:04,614 [INFO] PPO Update Epoch 1/15 (Pending: 14)
2026-04-25 17:33:04,623 [INFO] PPO Update Epoch 2/15 (Pending: 13)
2026-04-25 17:33:04,631 [INFO] PPO Update Epoch 3/15 (Pending: 12)
2026-04-25 17:33:04,638 [INFO] PPO Update Epoch 4/15 (Pending: 11)
2026-04-25 17:33:04,646 [INFO] PPO Update Epoch 5/15 (Pending: 10)
2026-04-25 17:33:04,658 [INFO] PPO Update Epoch 6/15 (Pending: 9)
2026-04-25 17:33:04,673 [INFO] PPO Update Epoch 7/15 (Pending: 8)
2026-04-25 17:33:04,688 [INFO] PPO Update Epoch 8/15 (Pending: 7)
2026-04-25 17:33:04,703 [INFO] PPO Update Epoch 9/15 (Pending: 6)
2026-04-25 17:33:04,715 [INFO] PPO Update Epoch 10/15 (Pending: 5)
2026-04-25 17:33:04,724 [INFO] PPO Update Epoch 11/15 (Pending: 4)
2026-04-25 17:33:04,732 [INFO] PPO Update Epoch 12/15 (Pending: 3)
2026-04-25 17:33:04,739 [INFO] PPO Update Epoch 13/15 (Pending: 2)
2026-04-25 17:33:04,745 [INFO] PPO Update Epoch 14/15 (Pending: 1)
2026-04-25 17:33:04,751 [INFO] PPO Update Epoch 15/15 (Pending: 0)
2026-04-25 17:33:13,964 [INFO] PPO Update Epoch 1/15 (Pending: 14)
2026-04-25 17:33:13,972 [INFO] PPO Update Epoch 2/15 (Pending: 13)
2026-04-25 17:33:13,979 [INFO] PPO Update Epoch 3/15 (Pending: 12)
2026-04-25 17:33:13,986 [INFO] PPO Update Epoch 4/15 (Pending: 11)
2026-04-25 17:33:13,992 [INFO] PPO Update Epoch 5/15 (Pending: 10)
2026-04-25 17:33:14,000 [INFO] PPO Update Epoch 6/15 (Pending: 9)
2026-04-25 17:33:14,007 [INFO] PPO Update Epoch 7/15 (Pending: 8)
2026-04-25 17:33:14,014 [INFO] PPO Update Epoch 8/15 (Pending: 7)
2026-04-25 17:33:14,021 [INFO] PPO Update Epoch 9/15 (Pending: 6)
2026-04-25 17:33:14,028 [INFO] PPO Update Epoch 10/15 (Pending: 5)
2026-04-25 17:33:14,035 [INFO] PPO Update Epoch 11/15 (Pending: 4)
2026-04-25 17:33:14,042 [INFO] PPO Update Epoch 12/15 (Pending: 3)
2026-04-25 17:33:14,050 [INFO] PPO Update Epoch 13/15 (Pending: 2)
2026-04-25 17:33:14,057 [INFO] PPO Update Epoch 14/15 (Pending: 1)
2026-04-25 17:33:14,064 [INFO] PPO Update Epoch 15/15 (Pending: 0)
2026-04-25 17:33:23,225 [INFO] PPO Update Epoch 1/15 (Pending: 14)
2026-04-25 17:33:23,234 [INFO] PPO Update Epoch 2/15 (Pending: 13)
2026-04-25 17:33:23,241 [INFO] PPO Update Epoch 3/15 (Pending: 12)
2026-04-25 17:33:23,248 [INFO] PPO Update Epoch 4/15 (Pending: 11)
2026-04-25 17:33:23,255 [INFO] PPO Update Epoch 5/15 (Pending: 10)
2026-04-25 17:33:23,263 [INFO] PPO Update Epoch 6/15 (Pending: 9)
2026-04-25 17:33:23,270 [INFO] PPO Update Epoch 7/15 (Pending: 8)
2026-04-25 17:33:23,279 [INFO] PPO Update Epoch 8/15 (Pending: 7)
2026-04-25 17:33:23,287 [INFO] PPO Update Epoch 9/15 (Pending: 6)
2026-04-25 17:33:23,296 [INFO] PPO Update Epoch 10/15 (Pending: 5)
2026-04-25 17:33:23,304 [INFO] PPO Update Epoch 11/15 (Pending: 4)
2026-04-25 17:33:23,312 [INFO] PPO Update Epoch 12/15 (Pending: 3)
2026-04-25 17:33:23,320 [INFO] PPO Update Epoch 13/15 (Pending: 2)
2026-04-25 17:33:23,327 [INFO] PPO Update Epoch 14/15 (Pending: 1)
2026-04-25 17:33:23,335 [INFO] PPO Update Epoch 15/15 (Pending: 0)
2026-04-25 17:33:32,588 [INFO] PPO Update Epoch 1/15 (Pending: 14)
2026-04-25 17:33:32,597 [INFO] PPO Update Epoch 2/15 (Pending: 13)
2026-04-25 17:33:32,604 [INFO] PPO Update Epoch 3/15 (Pending: 12)
2026-04-25 17:33:32,611 [INFO] PPO Update Epoch 4/15 (Pending: 11)
2026-04-25 17:33:32,618 [INFO] PPO Update Epoch 5/15 (Pending: 10)
2026-04-25 17:33:32,626 [INFO] PPO Update Epoch 6/15 (Pending: 9)
2026-04-25 17:33:32,633 [INFO] PPO Update Epoch 7/15 (Pending: 8)
2026-04-25 17:33:32,641 [INFO] PPO Update Epoch 8/15 (Pending: 7)
2026-04-25 17:33:32,648 [INFO] PPO Update Epoch 9/15 (Pending: 6)
2026-04-25 17:33:32,655 [INFO] PPO Update Epoch 10/15 (Pending: 5)
2026-04-25 17:33:32,663 [INFO] PPO Update Epoch 11/15 (Pending: 4)
2026-04-25 17:33:32,670 [INFO] PPO Update Epoch 12/15 (Pending: 3)
2026-04-25 17:33:32,677 [INFO] PPO Update Epoch 13/15 (Pending: 2)
2026-04-25 17:33:32,684 [INFO] PPO Update Epoch 14/15 (Pending: 1)
2026-04-25 17:33:32,691 [INFO] PPO Update Epoch 15/15 (Pending: 0)
2026-04-25 17:33:32,699 [INFO] update=40 avg_reward=-1.4163 model_steps=40
2026-04-25 17:33:42,296 [INFO] PPO Update Epoch 1/15 (Pending: 14)
2026-04-25 17:33:42,306 [INFO] PPO Update Epoch 2/15 (Pending: 13)
2026-04-25 17:33:42,314 [INFO] PPO Update Epoch 3/15 (Pending: 12)
2026-04-25 17:33:42,323 [INFO] PPO Update Epoch 4/15 (Pending: 11)
2026-04-25 17:33:42,334 [INFO] PPO Update Epoch 5/15 (Pending: 10)
2026-04-25 17:33:42,351 [INFO] PPO Update Epoch 6/15 (Pending: 9)
2026-04-25 17:33:42,368 [INFO] PPO Update Epoch 7/15 (Pending: 8)
2026-04-25 17:33:42,386 [INFO] PPO Update Epoch 8/15 (Pending: 7)
2026-04-25 17:33:42,401 [INFO] PPO Update Epoch 9/15 (Pending: 6)
2026-04-25 17:33:42,416 [INFO] PPO Update Epoch 10/15 (Pending: 5)
2026-04-25 17:33:42,431 [INFO] PPO Update Epoch 11/15 (Pending: 4)
2026-04-25 17:33:42,446 [INFO] PPO Update Epoch 12/15 (Pending: 3)
2026-04-25 17:33:42,464 [INFO] PPO Update Epoch 13/15 (Pending: 2)
2026-04-25 17:33:42,480 [INFO] PPO Update Epoch 14/15 (Pending: 1)
2026-04-25 17:33:42,496 [INFO] PPO Update Epoch 15/15 (Pending: 0)
2026-04-25 17:33:53,226 [INFO] PPO Update Epoch 1/15 (Pending: 14)
2026-04-25 17:33:53,236 [INFO] PPO Update Epoch 2/15 (Pending: 13)
2026-04-25 17:33:53,244 [INFO] PPO Update Epoch 3/15 (Pending: 12)
2026-04-25 17:33:53,253 [INFO] PPO Update Epoch 4/15 (Pending: 11)
2026-04-25 17:33:53,266 [INFO] PPO Update Epoch 5/15 (Pending: 10)
2026-04-25 17:33:53,283 [INFO] PPO Update Epoch 6/15 (Pending: 9)
2026-04-25 17:33:53,307 [INFO] PPO Update Epoch 7/15 (Pending: 8)
2026-04-25 17:33:53,330 [INFO] PPO Update Epoch 8/15 (Pending: 7)
2026-04-25 17:33:53,351 [INFO] PPO Update Epoch 9/15 (Pending: 6)
2026-04-25 17:33:53,372 [INFO] PPO Update Epoch 10/15 (Pending: 5)
2026-04-25 17:33:53,392 [INFO] PPO Update Epoch 11/15 (Pending: 4)
2026-04-25 17:33:53,412 [INFO] PPO Update Epoch 12/15 (Pending: 3)
2026-04-25 17:33:53,429 [INFO] PPO Update Epoch 13/15 (Pending: 2)
2026-04-25 17:33:53,448 [INFO] PPO Update Epoch 14/15 (Pending: 1)
2026-04-25 17:33:53,465 [INFO] PPO Update Epoch 15/15 (Pending: 0)
2026-04-25 17:34:04,529 [INFO] PPO Update Epoch 1/15 (Pending: 14)
2026-04-25 17:34:04,539 [INFO] PPO Update Epoch 2/15 (Pending: 13)
2026-04-25 17:34:04,547 [INFO] PPO Update Epoch 3/15 (Pending: 12)
2026-04-25 17:34:04,555 [INFO] PPO Update Epoch 4/15 (Pending: 11)
2026-04-25 17:34:04,567 [INFO] PPO Update Epoch 5/15 (Pending: 10)
2026-04-25 17:34:04,582 [INFO] PPO Update Epoch 6/15 (Pending: 9)
2026-04-25 17:34:04,600 [INFO] PPO Update Epoch 7/15 (Pending: 8)
2026-04-25 17:34:04,617 [INFO] PPO Update Epoch 8/15 (Pending: 7)
2026-04-25 17:34:04,633 [INFO] PPO Update Epoch 9/15 (Pending: 6)
2026-04-25 17:34:04,649 [INFO] PPO Update Epoch 10/15 (Pending: 5)
2026-04-25 17:34:04,664 [INFO] PPO Update Epoch 11/15 (Pending: 4)
2026-04-25 17:34:04,678 [INFO] PPO Update Epoch 12/15 (Pending: 3)
2026-04-25 17:34:04,694 [INFO] PPO Update Epoch 13/15 (Pending: 2)
2026-04-25 17:34:04,712 [INFO] PPO Update Epoch 14/15 (Pending: 1)
2026-04-25 17:34:04,732 [INFO] PPO Update Epoch 15/15 (Pending: 0)
2026-04-25 17:34:15,263 [INFO] PPO Update Epoch 1/15 (Pending: 14)
2026-04-25 17:34:15,273 [INFO] PPO Update Epoch 2/15 (Pending: 13)
2026-04-25 17:34:15,281 [INFO] PPO Update Epoch 3/15 (Pending: 12)
2026-04-25 17:34:15,289 [INFO] PPO Update Epoch 4/15 (Pending: 11)
2026-04-25 17:34:15,297 [INFO] PPO Update Epoch 5/15 (Pending: 10)
2026-04-25 17:34:15,305 [INFO] PPO Update Epoch 6/15 (Pending: 9)
2026-04-25 17:34:15,313 [INFO] PPO Update Epoch 7/15 (Pending: 8)
2026-04-25 17:34:15,321 [INFO] PPO Update Epoch 8/15 (Pending: 7)
2026-04-25 17:34:15,330 [INFO] PPO Update Epoch 9/15 (Pending: 6)
2026-04-25 17:34:15,338 [INFO] PPO Update Epoch 10/15 (Pending: 5)
2026-04-25 17:34:15,346 [INFO] PPO Update Epoch 11/15 (Pending: 4)
2026-04-25 17:34:15,354 [INFO] PPO Update Epoch 12/15 (Pending: 3)
2026-04-25 17:34:15,362 [INFO] PPO Update Epoch 13/15 (Pending: 2)
2026-04-25 17:34:15,371 [INFO] PPO Update Epoch 14/15 (Pending: 1)
2026-04-25 17:34:15,379 [INFO] PPO Update Epoch 15/15 (Pending: 0)
2026-04-25 17:34:25,900 [INFO] PPO Update Epoch 1/15 (Pending: 14)
2026-04-25 17:34:25,910 [INFO] PPO Update Epoch 2/15 (Pending: 13)
2026-04-25 17:34:25,917 [INFO] PPO Update Epoch 3/15 (Pending: 12)
2026-04-25 17:34:25,925 [INFO] PPO Update Epoch 4/15 (Pending: 11)
2026-04-25 17:34:25,932 [INFO] PPO Update Epoch 5/15 (Pending: 10)
2026-04-25 17:34:25,940 [INFO] PPO Update Epoch 6/15 (Pending: 9)
2026-04-25 17:34:25,948 [INFO] PPO Update Epoch 7/15 (Pending: 8)
2026-04-25 17:34:25,956 [INFO] PPO Update Epoch 8/15 (Pending: 7)
2026-04-25 17:34:25,964 [INFO] PPO Update Epoch 9/15 (Pending: 6)
2026-04-25 17:34:25,972 [INFO] PPO Update Epoch 10/15 (Pending: 5)
2026-04-25 17:34:25,980 [INFO] PPO Update Epoch 11/15 (Pending: 4)
2026-04-25 17:34:25,987 [INFO] PPO Update Epoch 12/15 (Pending: 3)
2026-04-25 17:34:25,995 [INFO] PPO Update Epoch 13/15 (Pending: 2)
2026-04-25 17:34:26,004 [INFO] PPO Update Epoch 14/15 (Pending: 1)
2026-04-25 17:34:26,012 [INFO] PPO Update Epoch 15/15 (Pending: 0)
2026-04-25 17:34:36,435 [INFO] PPO Update Epoch 1/15 (Pending: 14)
2026-04-25 17:34:36,444 [INFO] PPO Update Epoch 2/15 (Pending: 13)
2026-04-25 17:34:36,451 [INFO] PPO Update Epoch 3/15 (Pending: 12)
2026-04-25 17:34:36,459 [INFO] PPO Update Epoch 4/15 (Pending: 11)
2026-04-25 17:34:36,466 [INFO] PPO Update Epoch 5/15 (Pending: 10)
2026-04-25 17:34:36,474 [INFO] PPO Update Epoch 6/15 (Pending: 9)
2026-04-25 17:34:36,481 [INFO] PPO Update Epoch 7/15 (Pending: 8)
2026-04-25 17:34:36,489 [INFO] PPO Update Epoch 8/15 (Pending: 7)
2026-04-25 17:34:36,497 [INFO] PPO Update Epoch 9/15 (Pending: 6)
2026-04-25 17:34:36,505 [INFO] PPO Update Epoch 10/15 (Pending: 5)
2026-04-25 17:34:36,513 [INFO] PPO Update Epoch 11/15 (Pending: 4)
2026-04-25 17:34:36,521 [INFO] PPO Update Epoch 12/15 (Pending: 3)
2026-04-25 17:34:36,529 [INFO] PPO Update Epoch 13/15 (Pending: 2)
2026-04-25 17:34:36,536 [INFO] PPO Update Epoch 14/15 (Pending: 1)
2026-04-25 17:34:36,544 [INFO] PPO Update Epoch 15/15 (Pending: 0)
2026-04-25 17:34:46,909 [INFO] PPO Update Epoch 1/15 (Pending: 14)
2026-04-25 17:34:46,918 [INFO] PPO Update Epoch 2/15 (Pending: 13)
2026-04-25 17:34:46,926 [INFO] PPO Update Epoch 3/15 (Pending: 12)
2026-04-25 17:34:46,934 [INFO] PPO Update Epoch 4/15 (Pending: 11)
2026-04-25 17:34:46,944 [INFO] PPO Update Epoch 5/15 (Pending: 10)
2026-04-25 17:34:46,958 [INFO] PPO Update Epoch 6/15 (Pending: 9)
2026-04-25 17:34:46,972 [INFO] PPO Update Epoch 7/15 (Pending: 8)
2026-04-25 17:34:46,985 [INFO] PPO Update Epoch 8/15 (Pending: 7)
2026-04-25 17:34:47,000 [INFO] PPO Update Epoch 9/15 (Pending: 6)
2026-04-25 17:34:47,015 [INFO] PPO Update Epoch 10/15 (Pending: 5)
2026-04-25 17:34:47,030 [INFO] PPO Update Epoch 11/15 (Pending: 4)
2026-04-25 17:34:47,046 [INFO] PPO Update Epoch 12/15 (Pending: 3)
2026-04-25 17:34:47,061 [INFO] PPO Update Epoch 13/15 (Pending: 2)
2026-04-25 17:34:47,075 [INFO] PPO Update Epoch 14/15 (Pending: 1)
2026-04-25 17:34:47,089 [INFO] PPO Update Epoch 15/15 (Pending: 0)
2026-04-25 17:34:57,703 [INFO] PPO Update Epoch 1/15 (Pending: 14)
2026-04-25 17:34:57,713 [INFO] PPO Update Epoch 2/15 (Pending: 13)
2026-04-25 17:34:57,720 [INFO] PPO Update Epoch 3/15 (Pending: 12)
2026-04-25 17:34:57,729 [INFO] PPO Update Epoch 4/15 (Pending: 11)
2026-04-25 17:34:57,742 [INFO] PPO Update Epoch 5/15 (Pending: 10)
2026-04-25 17:34:57,756 [INFO] PPO Update Epoch 6/15 (Pending: 9)
2026-04-25 17:34:57,772 [INFO] PPO Update Epoch 7/15 (Pending: 8)
2026-04-25 17:34:57,788 [INFO] PPO Update Epoch 8/15 (Pending: 7)
2026-04-25 17:34:57,803 [INFO] PPO Update Epoch 9/15 (Pending: 6)
2026-04-25 17:34:57,818 [INFO] PPO Update Epoch 10/15 (Pending: 5)
2026-04-25 17:34:57,833 [INFO] PPO Update Epoch 11/15 (Pending: 4)
2026-04-25 17:34:57,847 [INFO] PPO Update Epoch 12/15 (Pending: 3)
2026-04-25 17:34:57,861 [INFO] PPO Update Epoch 13/15 (Pending: 2)
2026-04-25 17:34:57,877 [INFO] PPO Update Epoch 14/15 (Pending: 1)
2026-04-25 17:34:57,893 [INFO] PPO Update Epoch 15/15 (Pending: 0)
2026-04-25 17:35:08,064 [INFO] PPO Update Epoch 1/15 (Pending: 14)
2026-04-25 17:35:08,073 [INFO] PPO Update Epoch 2/15 (Pending: 13)
2026-04-25 17:35:08,081 [INFO] PPO Update Epoch 3/15 (Pending: 12)
2026-04-25 17:35:08,088 [INFO] PPO Update Epoch 4/15 (Pending: 11)
2026-04-25 17:35:08,096 [INFO] PPO Update Epoch 5/15 (Pending: 10)
2026-04-25 17:35:08,104 [INFO] PPO Update Epoch 6/15 (Pending: 9)
2026-04-25 17:35:08,112 [INFO] PPO Update Epoch 7/15 (Pending: 8)
2026-04-25 17:35:08,120 [INFO] PPO Update Epoch 8/15 (Pending: 7)
2026-04-25 17:35:08,128 [INFO] PPO Update Epoch 9/15 (Pending: 6)
2026-04-25 17:35:08,136 [INFO] PPO Update Epoch 10/15 (Pending: 5)
2026-04-25 17:35:08,143 [INFO] PPO Update Epoch 11/15 (Pending: 4)
2026-04-25 17:35:08,151 [INFO] PPO Update Epoch 12/15 (Pending: 3)
2026-04-25 17:35:08,159 [INFO] PPO Update Epoch 13/15 (Pending: 2)
2026-04-25 17:35:08,167 [INFO] PPO Update Epoch 14/15 (Pending: 1)
2026-04-25 17:35:08,175 [INFO] PPO Update Epoch 15/15 (Pending: 0)
2026-04-25 17:35:18,467 [INFO] PPO Update Epoch 1/15 (Pending: 14)
2026-04-25 17:35:18,476 [INFO] PPO Update Epoch 2/15 (Pending: 13)
2026-04-25 17:35:18,484 [INFO] PPO Update Epoch 3/15 (Pending: 12)
2026-04-25 17:35:18,491 [INFO] PPO Update Epoch 4/15 (Pending: 11)
2026-04-25 17:35:18,499 [INFO] PPO Update Epoch 5/15 (Pending: 10)
2026-04-25 17:35:18,506 [INFO] PPO Update Epoch 6/15 (Pending: 9)
2026-04-25 17:35:18,514 [INFO] PPO Update Epoch 7/15 (Pending: 8)
2026-04-25 17:35:18,522 [INFO] PPO Update Epoch 8/15 (Pending: 7)
2026-04-25 17:35:18,531 [INFO] PPO Update Epoch 9/15 (Pending: 6)
2026-04-25 17:35:18,538 [INFO] PPO Update Epoch 10/15 (Pending: 5)
2026-04-25 17:35:18,546 [INFO] PPO Update Epoch 11/15 (Pending: 4)
2026-04-25 17:35:18,554 [INFO] PPO Update Epoch 12/15 (Pending: 3)
2026-04-25 17:35:18,562 [INFO] PPO Update Epoch 13/15 (Pending: 2)
2026-04-25 17:35:18,570 [INFO] PPO Update Epoch 14/15 (Pending: 1)
2026-04-25 17:35:18,578 [INFO] PPO Update Epoch 15/15 (Pending: 0)
2026-04-25 17:35:18,586 [INFO] update=50 avg_reward=-1.4040 model_steps=50
2026-04-25 17:35:18,598 [INFO] Saved periodic local checkpoint to /home/codesmith28/Projects/ACC/BTEP/agentic_scheduler/results/checkpoints/ppo_offline_u000050_s000050.pt
2026-04-25 17:35:29,109 [INFO] PPO Update Epoch 1/15 (Pending: 14)
2026-04-25 17:35:29,119 [INFO] PPO Update Epoch 2/15 (Pending: 13)
2026-04-25 17:35:29,126 [INFO] PPO Update Epoch 3/15 (Pending: 12)
2026-04-25 17:35:29,134 [INFO] PPO Update Epoch 4/15 (Pending: 11)
2026-04-25 17:35:29,142 [INFO] PPO Update Epoch 5/15 (Pending: 10)
2026-04-25 17:35:29,150 [INFO] PPO Update Epoch 6/15 (Pending: 9)
2026-04-25 17:35:29,159 [INFO] PPO Update Epoch 7/15 (Pending: 8)
2026-04-25 17:35:29,167 [INFO] PPO Update Epoch 8/15 (Pending: 7)
2026-04-25 17:35:29,175 [INFO] PPO Update Epoch 9/15 (Pending: 6)
2026-04-25 17:35:29,183 [INFO] PPO Update Epoch 10/15 (Pending: 5)
2026-04-25 17:35:29,191 [INFO] PPO Update Epoch 11/15 (Pending: 4)
2026-04-25 17:35:29,199 [INFO] PPO Update Epoch 12/15 (Pending: 3)
2026-04-25 17:35:29,208 [INFO] PPO Update Epoch 13/15 (Pending: 2)
2026-04-25 17:35:29,215 [INFO] PPO Update Epoch 14/15 (Pending: 1)
2026-04-25 17:35:29,223 [INFO] PPO Update Epoch 15/15 (Pending: 0)
