2026/04/09 23:06:58 No .env file found, using environment variables
2026/04/09 23:06:58 Warning: Cannot create /var/cloudai/files: mkdir /var/cloudai: permission denied
2026/04/09 23:06:58 ✓ Using fallback file storage directory: /Users/codesmith28/.cloudai/files
2026/04/09 23:06:58 === System Information ===
2026/04/09 23:06:58 Hostname: Thea
2026/04/09 23:06:58 IP Addresses: [10.63.86.229]
2026/04/09 23:06:58 OS: darwin
2026/04/09 23:06:58 Architecture: arm64
2026/04/09 23:06:58 CPU Cores: 12
2026/04/09 23:06:58 Process ID: 35196
2026/04/09 23:06:58 User ID: 501
2026/04/09 23:06:58 Group ID: 20
2026/04/09 23:06:58 Master Address: 10.63.86.229
2026/04/09 23:06:58 Master Port: :60051
2026/04/09 23:06:58 ==========================
2026/04/09 23:06:58 ✓ MongoDB collections ensured
2026/04/09 23:06:58 ✓ WorkerDB initialized
2026/04/09 23:06:58 ✓ TaskDB initialized
2026/04/09 23:06:58 ✓ AssignmentDB initialized
2026/04/09 23:06:58 ✓ AttemptDB initialized
2026/04/09 23:06:58 ✓ ResultDB initialized
2026/04/09 23:06:58 ✓ UserDB initialized
2026/04/09 23:06:58 ✓ FileMetadataDB initialized
2026/04/09 23:06:58 Warning: Failed to create SchedulerModelDB: create scheduler model indexes: (IndexOptionsConflict) Index already exists with a different name: sched_model_lookup_idx
2026/04/09 23:06:58 ✓ FileStorageService initialized with access control
2026/04/09 23:06:58 ✓ FileStorageService initialized (base: /Users/codesmith28/.cloudai/files)
2026/04/09 23:06:58 Telemetry manager started
2026/04/09 23:06:58 ✓ Telemetry manager started
2026/04/09 23:06:58 ✓ Tau store initialized with default values:
2026/04/09 23:06:58   - cpu-light: 5.0s
2026/04/09 23:06:58   - cpu-heavy: 15.0s
2026/04/09 23:06:58   - memory-heavy: 20.0s
2026/04/09 23:06:58   - mixed: 10.0s
2026/04/09 23:06:58 ✓ SLA multiplier (k): 2.0
2026/04/09 23:06:58 ✓ Round-Robin scheduler created
2026/04/09 23:06:58 ✓ Telemetry source adapter created
2026/04/09 23:06:58 ✓ RTS params store initialized (MongoDB: RTS_WEIGHTS)
2026/04/09 23:06:58 ✓ RTS Scheduler initialized with params from /Users/codesmith28/personal/Projects/acc/BTEP/master/config/ga_output.json
2026/04/09 23:06:58 ✓ RTS scheduler initialized (params: /Users/codesmith28/personal/Projects/acc/BTEP/master/config/ga_output.json)
2026/04/09 23:06:58   - Fallback: Round-Robin
2026/04/09 23:06:58   - Parameter hot-reload: enabled (every 30s from local cache)
2026/04/09 23:06:58 ✓ PPO deployment mode: active (online updates: true)
2026/04/09 23:06:58 ✓ PPO service healthy (model=v0, fingerprint=)
2026/04/09 23:06:58 ✓ Selected scheduler: PPO (mode=active fallback=RTS)
2026/04/09 23:06:58 Scheduler set: PPO
2026/04/09 23:06:58 ✓ Master server configured with PPO scheduler
2026/04/09 23:06:58 Master info set: ID=master-1, Address=127.0.0.1:60051
2026/04/09 23:06:58 ✓ HistoryDB initialized for AOD/GA training
2026/04/09 23:06:58 ✓ AOD training ticker started (interval: 1m0s)
2026/04/09 23:06:58   - Training method: Linear regression (Theta) + Direct computation (Affinity/Penalty)
2026/04/09 23:06:58   - Training data window: 24 hours
2026/04/09 23:06:58   - Output: /Users/codesmith28/personal/Projects/acc/BTEP/master/config/ga_output.json
2026/04/09 23:06:58   - Persistent store: MongoDB collection RTS_WEIGHTS
2026/04/09 23:06:58   - RTS hot-reload: every 30s
2026/04/09 23:06:58 🔄 Starting resource reconciliation...
2026/04/09 23:06:58 ✓ Resource reconciliation complete: all workers correct
2026/04/09 23:06:58 Loaded 0 workers from database
2026/04/09 23:06:58 ✓ Task queue processor started (checking every 5s)
2026/04/09 23:06:58 ✓ Task queue processor started
2026/04/09 23:06:58 ✓ Worker reconnection monitor started
2026/04/09 23:06:58 🔄 Worker reconnection monitor started
2026/04/09 23:06:58 ✓ File API handlers registered
2026/04/09 23:06:58 WARNING: JWT_SECRET not set, generated a random secret. Sessions will not survive restarts.
2026/04/09 23:06:58 ✓ Auth API handlers registered
2026/04/09 23:06:58 ✓ HTTP API server started on port 20080
2026/04/09 23:06:58   - Telemetry: GET /health, /telemetry, /workers
2026/04/09 23:06:58   - WebSocket: WS /ws/telemetry, /ws/telemetry/{worker_id}
2026/04/09 23:06:58   - Tasks: POST/GET/DELETE /api/tasks, GET /api/tasks/{id}
2026/04/09 23:06:58   - Workers: GET /api/workers, /api/workers/{id}
2026/04/09 23:06:58   - Files: GET /api/files, /api/files/{task_id}
2026/04/09 23:06:58            GET /api/files/{task_id}/download/{file_path}
2026/04/09 23:06:58            DELETE /api/files/{task_id}
2026/04/09 23:06:58 Starting WebSocket telemetry server on :20080
2026/04/09 23:06:58 WebSocket endpoints:
2026/04/09 23:06:58   - ws://localhost:20080/ws/telemetry (all workers)
2026/04/09 23:06:58   - ws://localhost:20080/ws/telemetry/{worker_id} (specific worker)
2026/04/09 23:06:58 Manually registered worker: worker-ppo-e2e-1 (Address: 127.0.0.1:60152)
2026/04/09 23:06:58 
✓ Master node started successfully
2026/04/09 23:06:58 ✓ Starting gRPC server on :60051 (advertise: 127.0.0.1:60051)
2026/04/09 23:06:58 ✓ Headless mode enabled (CLOUDAI_HEADLESS=true), CLI disabled
2026/04/09 23:06:59 🔄 Worker worker-ppo-e2e-1 connected with new specs, reconciling resources...
2026/04/09 23:06:59   🔍 Reconciliation: Found 0 tasks with 'running' status in database
2026/04/09 23:06:59   ✓ Reconciled worker-ppo-e2e-1: CPU=0.0, Memory=0.0, Storage=0.0, Tasks=0
2026/04/09 23:06:59 MasterRegister acknowledged by worker worker-ppo-e2e-1: Worker worker-ppo-e2e-1 registered with master master-1
2026/04/09 23:06:59 Worker worker-ppo-e2e-1 already registered for telemetry
2026/04/09 23:07:28 ✓ RTS: Reloaded GA parameters from /Users/codesmith28/personal/Projects/acc/BTEP/master/config/ga_output.json
2026/04/09 23:07:58 ✓ RTS: Reloaded GA parameters from /Users/codesmith28/personal/Projects/acc/BTEP/master/config/ga_output.json
2026/04/09 23:07:58 🧬 Starting AOD training cycle...
2026/04/09 23:07:58 🧬 Starting AOD training cycle...
2026/04/09 23:07:58 📊 Fetching task history from 2026-04-08T23:07:58+05:30 to 2026-04-09T23:07:58+05:30
2026/04/09 23:07:58 🔍 DEBUG: Querying TASKS collection for completed_at between 2026-04-08T23:07:58+05:30 and 2026-04-09T23:07:58+05:30
2026/04/09 23:07:58 🔍 DEBUG: Query returned 0 task history records
2026/04/09 23:07:58 📊 Fetching worker stats from 2026-04-08T23:07:58+05:30 to 2026-04-09T23:07:58+05:30
2026/04/09 23:07:58 🔍 DEBUG: Querying TASKS collection for completed_at between 2026-04-08T23:07:58+05:30 and 2026-04-09T23:07:58+05:30
2026/04/09 23:07:58 🔍 DEBUG: Query returned 0 task history records
2026/04/09 23:07:58 ✓ Retrieved 0 task history records and 0 worker stats
2026/04/09 23:07:58 ⚠️  Insufficient data (0 tasks < 2 required), using default parameters
2026/04/09 23:07:58 ✓ AOD parameters saved to /Users/codesmith28/personal/Projects/acc/BTEP/master/config/ga_output.json
2026/04/09 23:07:58 ✓ AOD parameters saved to MongoDB collection RTS_WEIGHTS
2026/04/09 23:07:58 ✅ AOD training cycle completed successfully
2026/04/09 23:08:28 ✓ RTS: Reloaded GA parameters from mongodb collection RTS_WEIGHTS
2026/04/09 23:08:36 📋 Task task-1775756316507928000 queued: Task submitted to queue for scheduling
2026/04/09 23:08:36 📋 Task task-1775756316507928000 submitted and queued (position: 1)
2026/04/09 23:08:36 📋 Task task-1775756316511411000 queued: Task submitted to queue for scheduling
2026/04/09 23:08:36 📋 Task task-1775756316511411000 submitted and queued (position: 2)
2026/04/09 23:08:36 📋 Task task-1775756316512903000 queued: Task submitted to queue for scheduling
2026/04/09 23:08:36 📋 Task task-1775756316512903000 submitted and queued (position: 3)
2026/04/09 23:08:36 http: panic serving 127.0.0.1:51225: runtime error: invalid memory address or nil pointer dereference
goroutine 880 [running]:
net/http.(*conn).serve.func1()
	/opt/homebrew/Cellar/go/1.26.1/libexec/src/net/http/server.go:1907 +0xac
panic({0x105c207c0?, 0x105df0f80?})
	/opt/homebrew/Cellar/go/1.26.1/libexec/src/runtime/panic.go:860 +0x12c
master/internal/http.(*TaskAPIHandler).HandleGetTask(0x7e3f0d6ccd20, {0x105d5fd60, 0x7e3f0d9c22d0}, 0x7e3f0d696000)
	/Users/codesmith28/personal/Projects/acc/BTEP/master/internal/http/task_handler.go:314 +0xafc
master/internal/http.(*TelemetryServer).RegisterTaskHandlers.func2({0x105d5fd60, 0x7e3f0d9c22d0}, 0x7e3f0d696000)
	/Users/codesmith28/personal/Projects/acc/BTEP/master/internal/http/telemetry_server.go:493 +0x88
net/http.HandlerFunc.ServeHTTP(0x7e3f0d90c180?, {0x105d5fd60?, 0x7e3f0d9c22d0?}, 0x10538cbc0?)
	/opt/homebrew/Cellar/go/1.26.1/libexec/src/net/http/server.go:2286 +0x38
net/http.(*ServeMux).ServeHTTP(0x7e3f0d8981e0?, {0x105d5fd60, 0x7e3f0d9c22d0}, 0x7e3f0d696000)
	/opt/homebrew/Cellar/go/1.26.1/libexec/src/net/http/server.go:2828 +0x190
master/internal/http.corsMiddleware.func1({0x105d5fd60, 0x7e3f0d9c22d0}, 0x7e3f0d696000)
	/Users/codesmith28/personal/Projects/acc/BTEP/master/internal/http/telemetry_server.go:122 +0x36c
net/http.HandlerFunc.ServeHTTP(0x0?, {0x105d5fd60?, 0x7e3f0d9c22d0?}, 0x7e3f0da5eb50?)
	/opt/homebrew/Cellar/go/1.26.1/libexec/src/net/http/server.go:2286 +0x38
net/http.serverHandler.ServeHTTP({0x7e3f0d8c6140?}, {0x105d5fd60?, 0x7e3f0d9c22d0?}, 0x1?)
	/opt/homebrew/Cellar/go/1.26.1/libexec/src/net/http/server.go:3311 +0xb0
net/http.(*conn).serve(0x7e3f0d7545a0, {0x105d61158, 0x7e3f0db2b680})
	/opt/homebrew/Cellar/go/1.26.1/libexec/src/net/http/server.go:2073 +0x51c
created by net/http.(*Server).Serve in goroutine 396
	/opt/homebrew/Cellar/go/1.26.1/libexec/src/net/http/server.go:3464 +0x37c
2026/04/09 23:08:38 ⚠️ PPO: SelectWorker RPC failed (rpc error: code = Unknown desc = Exception calling application: operands could not be broadcast together with shapes (15,) (14,) ), fallback -> RTS
2026/04/09 23:08:38 ✓ RTS: Selected worker worker-ppo-e2e-1 for task task-1775756316507928000 (type=cpu-light, risk=0.33)
2026/04/09 23:08:38 
═══════════════════════════════════════════════════════
2026/04/09 23:08:38   📤 TASK ASSIGNED TO WORKER
2026/04/09 23:08:38 ═══════════════════════════════════════════════════════
2026/04/09 23:08:38   Task ID:           task-1775756316507928000
2026/04/09 23:08:38   Attempt:           #1 (att-task-1775756316507928000-1)
2026/04/09 23:08:38   User ID:           ppo-e2e
2026/04/09 23:08:38   Assigned Worker:   worker-ppo-e2e-1
2026/04/09 23:08:38   Docker Image:      alpine:3.20
2026/04/09 23:08:38 ───────────────────────────────────────────────────────
2026/04/09 23:08:38   Resource Requirements:
2026/04/09 23:08:38     • CPU Cores:     0.20 cores
2026/04/09 23:08:38     • Memory:        0.10 GB
2026/04/09 23:08:38     • Storage:       0.10 GB
2026/04/09 23:08:38 ═══════════════════════════════════════════════════════
2026/04/09 23:08:38 
2026/04/09 23:08:38 ✓ Queue: Task task-1775756316507928000 successfully assigned to worker-ppo-e2e-1 after 0 attempts
2026/04/09 23:08:38 ⚠️ PPO: SelectWorker RPC failed (rpc error: code = Unknown desc = Exception calling application: operands could not be broadcast together with shapes (15,) (14,) ), fallback -> RTS
2026/04/09 23:08:38 ✓ RTS: Selected worker worker-ppo-e2e-1 for task task-1775756316511411000 (type=cpu-light, risk=0.33)
2026/04/09 23:08:38 
═══════════════════════════════════════════════════════
2026/04/09 23:08:38   📤 TASK ASSIGNED TO WORKER
2026/04/09 23:08:38 ═══════════════════════════════════════════════════════
2026/04/09 23:08:38   Task ID:           task-1775756316511411000
2026/04/09 23:08:38   Attempt:           #1 (att-task-1775756316511411000-1)
2026/04/09 23:08:38   User ID:           ppo-e2e
2026/04/09 23:08:38   Assigned Worker:   worker-ppo-e2e-1
2026/04/09 23:08:38   Docker Image:      alpine:3.20
2026/04/09 23:08:38 ───────────────────────────────────────────────────────
2026/04/09 23:08:38   Resource Requirements:
2026/04/09 23:08:38     • CPU Cores:     0.20 cores
2026/04/09 23:08:38     • Memory:        0.10 GB
2026/04/09 23:08:38     • Storage:       0.10 GB
2026/04/09 23:08:38 ═══════════════════════════════════════════════════════
2026/04/09 23:08:38 
2026/04/09 23:08:38 ✓ Queue: Task task-1775756316511411000 successfully assigned to worker-ppo-e2e-1 after 0 attempts
2026/04/09 23:08:38 ⚠️ PPO: SelectWorker RPC failed (rpc error: code = Unknown desc = Exception calling application: operands could not be broadcast together with shapes (15,) (14,) ), fallback -> RTS
2026/04/09 23:08:38 ✓ RTS: Selected worker worker-ppo-e2e-1 for task task-1775756316512903000 (type=cpu-light, risk=0.33)
2026/04/09 23:08:38 
═══════════════════════════════════════════════════════
2026/04/09 23:08:38   📤 TASK ASSIGNED TO WORKER
2026/04/09 23:08:38 ═══════════════════════════════════════════════════════
2026/04/09 23:08:38   Task ID:           task-1775756316512903000
2026/04/09 23:08:38   Attempt:           #1 (att-task-1775756316512903000-1)
2026/04/09 23:08:38   User ID:           ppo-e2e
2026/04/09 23:08:38   Assigned Worker:   worker-ppo-e2e-1
2026/04/09 23:08:38   Docker Image:      alpine:3.20
2026/04/09 23:08:38 ───────────────────────────────────────────────────────
2026/04/09 23:08:38   Resource Requirements:
2026/04/09 23:08:38     • CPU Cores:     0.20 cores
2026/04/09 23:08:38     • Memory:        0.10 GB
2026/04/09 23:08:38     • Storage:       0.10 GB
2026/04/09 23:08:38 ═══════════════════════════════════════════════════════
2026/04/09 23:08:38 
2026/04/09 23:08:38 ✓ Queue: Task task-1775756316512903000 successfully assigned to worker-ppo-e2e-1 after 0 attempts
2026/04/09 23:08:42 📥 Task completion report received: task-1775756316511411000 from worker-ppo-e2e-1 [Status: success]
2026/04/09 23:08:42   ✓ Released resources: CPU=0.20, Memory=0.10, Storage=0.10
2026/04/09 23:08:42   ✓ Task status confirmed as 'completed' in database
2026/04/09 23:08:42   ✓ Task result stored in RESULTS collection
2026/04/09 23:08:42 ⚠️  Scheduler outcome report failed for task task-1775756316511411000: outcome rejected: no matching pending decision for task
2026/04/09 23:08:42 📥 Task completion report received: task-1775756316507928000 from worker-ppo-e2e-1 [Status: success]
2026/04/09 23:08:42   ✓ Released resources: CPU=0.20, Memory=0.10, Storage=0.10
2026/04/09 23:08:42   ✓ Task status confirmed as 'completed' in database
2026/04/09 23:08:42   ✓ Task result stored in RESULTS collection
2026/04/09 23:08:42 ⚠️  Scheduler outcome report failed for task task-1775756316507928000: outcome rejected: no matching pending decision for task
2026/04/09 23:08:43 📥 Task completion report received: task-1775756316512903000 from worker-ppo-e2e-1 [Status: success]
2026/04/09 23:08:43   ✓ Released resources: CPU=0.20, Memory=0.10, Storage=0.10
2026/04/09 23:08:43   ✓ Task status confirmed as 'completed' in database
2026/04/09 23:08:43   ✓ Task result stored in RESULTS collection
2026/04/09 23:08:43 ⚠️  Scheduler outcome report failed for task task-1775756316512903000: outcome rejected: no matching pending decision for task
2026/04/09 23:08:58 ✓ RTS: Reloaded GA parameters from mongodb collection RTS_WEIGHTS
2026/04/09 23:08:58 🧬 Starting AOD training cycle...
2026/04/09 23:08:58 🧬 Starting AOD training cycle...
2026/04/09 23:08:58 📊 Fetching task history from 2026-04-08T23:08:58+05:30 to 2026-04-09T23:08:58+05:30
2026/04/09 23:08:58 🔍 DEBUG: Querying TASKS collection for completed_at between 2026-04-08T23:08:58+05:30 and 2026-04-09T23:08:58+05:30
2026/04/09 23:08:58 🔍 DEBUG: Query returned 0 task history records
2026/04/09 23:08:58 📊 Fetching worker stats from 2026-04-08T23:08:58+05:30 to 2026-04-09T23:08:58+05:30
2026/04/09 23:08:58 🔍 DEBUG: Querying TASKS collection for completed_at between 2026-04-08T23:08:58+05:30 and 2026-04-09T23:08:58+05:30
2026/04/09 23:08:58 🔍 DEBUG: Query returned 0 task history records
2026/04/09 23:08:58 ✓ Retrieved 0 task history records and 0 worker stats
2026/04/09 23:08:58 ⚠️  Insufficient data (0 tasks < 2 required), using default parameters
2026/04/09 23:08:58 ✓ AOD parameters saved to /Users/codesmith28/personal/Projects/acc/BTEP/master/config/ga_output.json
2026/04/09 23:08:58 ✓ AOD parameters saved to MongoDB collection RTS_WEIGHTS
2026/04/09 23:08:58 ✅ AOD training cycle completed successfully
2026/04/09 23:09:28 ✓ RTS: Reloaded GA parameters from mongodb collection RTS_WEIGHTS
2026/04/09 23:09:58 ✓ RTS: Reloaded GA parameters from mongodb collection RTS_WEIGHTS
2026/04/09 23:09:58 🧬 Starting AOD training cycle...
2026/04/09 23:09:58 🧬 Starting AOD training cycle...
2026/04/09 23:09:58 📊 Fetching task history from 2026-04-08T23:09:58+05:30 to 2026-04-09T23:09:58+05:30
2026/04/09 23:09:58 🔍 DEBUG: Querying TASKS collection for completed_at between 2026-04-08T23:09:58+05:30 and 2026-04-09T23:09:58+05:30
2026/04/09 23:09:58 🔍 DEBUG: Query returned 0 task history records
2026/04/09 23:09:58 📊 Fetching worker stats from 2026-04-08T23:09:58+05:30 to 2026-04-09T23:09:58+05:30
2026/04/09 23:09:58 🔍 DEBUG: Querying TASKS collection for completed_at between 2026-04-08T23:09:58+05:30 and 2026-04-09T23:09:58+05:30
2026/04/09 23:09:58 🔍 DEBUG: Query returned 0 task history records
2026/04/09 23:09:58 ✓ Retrieved 0 task history records and 0 worker stats
2026/04/09 23:09:58 ⚠️  Insufficient data (0 tasks < 2 required), using default parameters
2026/04/09 23:09:58 ✓ AOD parameters saved to /Users/codesmith28/personal/Projects/acc/BTEP/master/config/ga_output.json
2026/04/09 23:09:58 ✓ AOD parameters saved to MongoDB collection RTS_WEIGHTS
2026/04/09 23:09:58 ✅ AOD training cycle completed successfully
2026/04/09 23:10:28 ✓ RTS: Reloaded GA parameters from mongodb collection RTS_WEIGHTS
2026/04/09 23:10:58 ✓ RTS: Reloaded GA parameters from mongodb collection RTS_WEIGHTS
2026/04/09 23:10:58 🧬 Starting AOD training cycle...
2026/04/09 23:10:58 🧬 Starting AOD training cycle...
2026/04/09 23:10:58 📊 Fetching task history from 2026-04-08T23:10:58+05:30 to 2026-04-09T23:10:58+05:30
2026/04/09 23:10:58 🔍 DEBUG: Querying TASKS collection for completed_at between 2026-04-08T23:10:58+05:30 and 2026-04-09T23:10:58+05:30
2026/04/09 23:10:58 🔍 DEBUG: Query returned 0 task history records
2026/04/09 23:10:58 📊 Fetching worker stats from 2026-04-08T23:10:58+05:30 to 2026-04-09T23:10:58+05:30
2026/04/09 23:10:58 🔍 DEBUG: Querying TASKS collection for completed_at between 2026-04-08T23:10:58+05:30 and 2026-04-09T23:10:58+05:30
2026/04/09 23:10:58 🔍 DEBUG: Query returned 0 task history records
2026/04/09 23:10:58 ✓ Retrieved 0 task history records and 0 worker stats
2026/04/09 23:10:58 ⚠️  Insufficient data (0 tasks < 2 required), using default parameters
2026/04/09 23:10:58 ✓ AOD parameters saved to /Users/codesmith28/personal/Projects/acc/BTEP/master/config/ga_output.json
2026/04/09 23:10:58 ✓ AOD parameters saved to MongoDB collection RTS_WEIGHTS
2026/04/09 23:10:58 ✅ AOD training cycle completed successfully
2026/04/09 23:11:28 ✓ RTS: Reloaded GA parameters from mongodb collection RTS_WEIGHTS
2026/04/09 23:11:58 ✓ RTS: Reloaded GA parameters from mongodb collection RTS_WEIGHTS
2026/04/09 23:11:58 🧬 Starting AOD training cycle...
2026/04/09 23:11:58 🧬 Starting AOD training cycle...
2026/04/09 23:11:58 📊 Fetching task history from 2026-04-08T23:11:58+05:30 to 2026-04-09T23:11:58+05:30
2026/04/09 23:11:58 🔍 DEBUG: Querying TASKS collection for completed_at between 2026-04-08T23:11:58+05:30 and 2026-04-09T23:11:58+05:30
2026/04/09 23:11:58 🔍 DEBUG: Query returned 0 task history records
2026/04/09 23:11:58 📊 Fetching worker stats from 2026-04-08T23:11:58+05:30 to 2026-04-09T23:11:58+05:30
2026/04/09 23:11:58 🔍 DEBUG: Querying TASKS collection for completed_at between 2026-04-08T23:11:58+05:30 and 2026-04-09T23:11:58+05:30
2026/04/09 23:11:58 🔍 DEBUG: Query returned 0 task history records
2026/04/09 23:11:58 ✓ Retrieved 0 task history records and 0 worker stats
2026/04/09 23:11:58 ⚠️  Insufficient data (0 tasks < 2 required), using default parameters
2026/04/09 23:11:58 ✓ AOD parameters saved to /Users/codesmith28/personal/Projects/acc/BTEP/master/config/ga_output.json
2026/04/09 23:11:58 ✓ AOD parameters saved to MongoDB collection RTS_WEIGHTS
2026/04/09 23:11:58 ✅ AOD training cycle completed successfully
2026/04/09 23:12:09 📋 Task task-1775756529492855000 queued: Task submitted to queue for scheduling
2026/04/09 23:12:09 📋 Task task-1775756529492855000 submitted and queued (position: 1)
2026/04/09 23:12:13 ⚠️ PPO: SelectWorker RPC failed (rpc error: code = Unavailable desc = connection error: desc = "transport: Error while dialing: dial tcp 127.0.0.1:50061: connect: connection refused"), fallback -> RTS
2026/04/09 23:12:13 ✓ RTS: Selected worker worker-ppo-e2e-1 for task task-1775756529492855000 (type=cpu-light, risk=0.32)
2026/04/09 23:12:13 
═══════════════════════════════════════════════════════
2026/04/09 23:12:13   📤 TASK ASSIGNED TO WORKER
2026/04/09 23:12:13 ═══════════════════════════════════════════════════════
2026/04/09 23:12:13   Task ID:           task-1775756529492855000
2026/04/09 23:12:13   Attempt:           #1 (att-task-1775756529492855000-1)
2026/04/09 23:12:13   User ID:           ppo-e2e
2026/04/09 23:12:13   Assigned Worker:   worker-ppo-e2e-1
2026/04/09 23:12:13   Docker Image:      alpine:3.20
2026/04/09 23:12:13 ───────────────────────────────────────────────────────
2026/04/09 23:12:13   Resource Requirements:
2026/04/09 23:12:13     • CPU Cores:     0.20 cores
2026/04/09 23:12:13     • Memory:        0.10 GB
2026/04/09 23:12:13     • Storage:       0.10 GB
2026/04/09 23:12:13 ═══════════════════════════════════════════════════════
2026/04/09 23:12:13 
2026/04/09 23:12:13 ✓ Queue: Task task-1775756529492855000 successfully assigned to worker-ppo-e2e-1 after 0 attempts
2026/04/09 23:12:15 📥 Task completion report received: task-1775756529492855000 from worker-ppo-e2e-1 [Status: success]
2026/04/09 23:12:15   ✓ Released resources: CPU=0.20, Memory=0.10, Storage=0.10
2026/04/09 23:12:15   ✓ Task status confirmed as 'completed' in database
2026/04/09 23:12:15   ✓ Task result stored in RESULTS collection
2026/04/09 23:12:15 ⚠️  Scheduler outcome report failed for task task-1775756529492855000: rpc error: code = Unavailable desc = connection error: desc = "transport: Error while dialing: dial tcp 127.0.0.1:50061: connect: connection refused"
2026/04/09 23:12:28 ✓ RTS: Reloaded GA parameters from mongodb collection RTS_WEIGHTS
2026/04/09 23:12:58 🧬 Starting AOD training cycle...
2026/04/09 23:12:58 🧬 Starting AOD training cycle...
2026/04/09 23:12:58 📊 Fetching task history from 2026-04-08T23:12:58+05:30 to 2026-04-09T23:12:58+05:30
2026/04/09 23:12:58 🔍 DEBUG: Querying TASKS collection for completed_at between 2026-04-08T23:12:58+05:30 and 2026-04-09T23:12:58+05:30
2026/04/09 23:12:58 ✓ RTS: Reloaded GA parameters from mongodb collection RTS_WEIGHTS
2026/04/09 23:12:58 🔍 DEBUG: Query returned 0 task history records
2026/04/09 23:12:58 📊 Fetching worker stats from 2026-04-08T23:12:58+05:30 to 2026-04-09T23:12:58+05:30
2026/04/09 23:12:58 🔍 DEBUG: Querying TASKS collection for completed_at between 2026-04-08T23:12:58+05:30 and 2026-04-09T23:12:58+05:30
2026/04/09 23:12:58 🔍 DEBUG: Query returned 0 task history records
2026/04/09 23:12:58 ✓ Retrieved 0 task history records and 0 worker stats
2026/04/09 23:12:58 ⚠️  Insufficient data (0 tasks < 2 required), using default parameters
2026/04/09 23:12:58 ✓ AOD parameters saved to /Users/codesmith28/personal/Projects/acc/BTEP/master/config/ga_output.json
2026/04/09 23:12:58 ✓ AOD parameters saved to MongoDB collection RTS_WEIGHTS
2026/04/09 23:12:58 ✅ AOD training cycle completed successfully
2026/04/09 23:13:28 ✓ RTS: Reloaded GA parameters from mongodb collection RTS_WEIGHTS
2026/04/09 23:13:33 

Shutting down master node...
2026/04/09 23:13:33 ✓ Task queue processor stopped
2026/04/09 23:13:33 Shutting down WebSocket telemetry server...
2026/04/09 23:13:33 🛑 Worker reconnection monitor stopped
2026/04/09 23:13:33 Shutting down telemetry manager...
2026/04/09 23:13:33 Telemetry manager shutdown complete
2026/04/09 23:13:33 ⏹️  Shutting down RTS scheduler...
2026/04/09 23:13:33 ⏹️  Shutting down PPO scheduler client...
2026/04/09 23:13:33 ✓ Master node shutdown complete
